<?xml version="1.0"?>
<link_info>
   <banner>TI ARM Linker PC v16.9.0.LTS</banner>
   <copyright>Copyright (c) 1996-2015 Texas Instruments Incorporated</copyright>
   <link_time>0x598e97ae</link_time>
   <link_errors>0x0</link_errors>
   <output_file>car_radio_echo.out</output_file>
   <entry_point>
      <name>_c_int00</name>
      <address>0x16c5</address>
   </entry_point>
   <input_file_list>
      <input_file id="fl-2">
         <path>.\</path>
         <kind>object</kind>
         <file>main.obj</file>
         <name>main.obj</name>
      </input_file>
      <input_file id="fl-3">
         <path>.\</path>
         <kind>object</kind>
         <file>tm4c123gh6pm_startup_ccs.obj</file>
         <name>tm4c123gh6pm_startup_ccs.obj</name>
      </input_file>
      <input_file id="fl-4">
         <path>.\</path>
         <kind>object</kind>
         <file>uartstdio.obj</file>
         <name>uartstdio.obj</name>
      </input_file>
      <input_file id="fl-5">
         <path>.\bee\</path>
         <kind>object</kind>
         <file>bee.obj</file>
         <name>bee.obj</name>
      </input_file>
      <input_file id="fl-6">
         <path>.\motor_ctl\</path>
         <kind>object</kind>
         <file>motor_ctl.obj</file>
         <name>motor_ctl.obj</name>
      </input_file>
      <input_file id="fl-7">
         <path>.\radio\</path>
         <kind>object</kind>
         <file>radio.obj</file>
         <name>radio.obj</name>
      </input_file>
      <input_file id="fl-c2">
         <path>C:\ti\ccsv7\tools\compiler\ti-cgt-arm_16.9.0.LTS\lib\</path>
         <kind>archive</kind>
         <file>rtsv7M4_T_le_v4SPD16_eabi.lib</file>
         <name>boot.obj</name>
      </input_file>
      <input_file id="fl-c3">
         <path>C:\ti\ccsv7\tools\compiler\ti-cgt-arm_16.9.0.LTS\lib\</path>
         <kind>archive</kind>
         <file>rtsv7M4_T_le_v4SPD16_eabi.lib</file>
         <name>copy_decompress_lzss.obj</name>
      </input_file>
      <input_file id="fl-c4">
         <path>C:\ti\ccsv7\tools\compiler\ti-cgt-arm_16.9.0.LTS\lib\</path>
         <kind>archive</kind>
         <file>rtsv7M4_T_le_v4SPD16_eabi.lib</file>
         <name>copy_decompress_none.obj</name>
      </input_file>
      <input_file id="fl-c5">
         <path>C:\ti\ccsv7\tools\compiler\ti-cgt-arm_16.9.0.LTS\lib\</path>
         <kind>archive</kind>
         <file>rtsv7M4_T_le_v4SPD16_eabi.lib</file>
         <name>copy_zero_init.obj</name>
      </input_file>
      <input_file id="fl-c6">
         <path>C:\ti\ccsv7\tools\compiler\ti-cgt-arm_16.9.0.LTS\lib\</path>
         <kind>archive</kind>
         <file>rtsv7M4_T_le_v4SPD16_eabi.lib</file>
         <name>exit.obj</name>
      </input_file>
      <input_file id="fl-c7">
         <path>C:\ti\ccsv7\tools\compiler\ti-cgt-arm_16.9.0.LTS\lib\</path>
         <kind>archive</kind>
         <file>rtsv7M4_T_le_v4SPD16_eabi.lib</file>
         <name>fd_add_t2.obj</name>
      </input_file>
      <input_file id="fl-c8">
         <path>C:\ti\ccsv7\tools\compiler\ti-cgt-arm_16.9.0.LTS\lib\</path>
         <kind>archive</kind>
         <file>rtsv7M4_T_le_v4SPD16_eabi.lib</file>
         <name>fd_toi_t2.obj</name>
      </input_file>
      <input_file id="fl-c9">
         <path>C:\ti\ccsv7\tools\compiler\ti-cgt-arm_16.9.0.LTS\lib\</path>
         <kind>archive</kind>
         <file>rtsv7M4_T_le_v4SPD16_eabi.lib</file>
         <name>i_tofd_t2.obj</name>
      </input_file>
      <input_file id="fl-ca">
         <path>C:\ti\ccsv7\tools\compiler\ti-cgt-arm_16.9.0.LTS\lib\</path>
         <kind>archive</kind>
         <file>rtsv7M4_T_le_v4SPD16_eabi.lib</file>
         <name>memcpy_t2.obj</name>
      </input_file>
      <input_file id="fl-cb">
         <path>C:\ti\ccsv7\tools\compiler\ti-cgt-arm_16.9.0.LTS\lib\</path>
         <kind>archive</kind>
         <file>rtsv7M4_T_le_v4SPD16_eabi.lib</file>
         <name>memset_t2.obj</name>
      </input_file>
      <input_file id="fl-cc">
         <path>C:\ti\ccsv7\tools\compiler\ti-cgt-arm_16.9.0.LTS\lib\</path>
         <kind>archive</kind>
         <file>rtsv7M4_T_le_v4SPD16_eabi.lib</file>
         <name>mpu_init.obj</name>
      </input_file>
      <input_file id="fl-cd">
         <path>C:\ti\ccsv7\tools\compiler\ti-cgt-arm_16.9.0.LTS\lib\</path>
         <kind>archive</kind>
         <file>rtsv7M4_T_le_v4SPD16_eabi.lib</file>
         <name>pre_init.obj</name>
      </input_file>
      <input_file id="fl-ce">
         <path>C:\ti\ccsv7\tools\compiler\ti-cgt-arm_16.9.0.LTS\lib\</path>
         <kind>archive</kind>
         <file>rtsv7M4_T_le_v4SPD16_eabi.lib</file>
         <name>stkdepth_vars.obj</name>
      </input_file>
      <input_file id="fl-cf">
         <path>C:\ti\ccsv7\tools\compiler\ti-cgt-arm_16.9.0.LTS\lib\</path>
         <kind>archive</kind>
         <file>rtsv7M4_T_le_v4SPD16_eabi.lib</file>
         <name>u_divt2.obj</name>
      </input_file>
      <input_file id="fl-d0">
         <path>C:\ti\ccsv7\tools\compiler\ti-cgt-arm_16.9.0.LTS\lib\</path>
         <kind>archive</kind>
         <file>rtsv7M4_T_le_v4SPD16_eabi.lib</file>
         <name>_lock.obj</name>
      </input_file>
      <input_file id="fl-d1">
         <path>C:\ti\ccsv7\tools\compiler\ti-cgt-arm_16.9.0.LTS\lib\</path>
         <kind>archive</kind>
         <file>rtsv7M4_T_le_v4SPD16_eabi.lib</file>
         <name>args_main.obj</name>
      </input_file>
      <input_file id="fl-d2">
         <path>C:\ti\ccsv7\tools\compiler\ti-cgt-arm_16.9.0.LTS\lib\</path>
         <kind>archive</kind>
         <file>rtsv7M4_T_le_v4SPD16_eabi.lib</file>
         <name>autoinit.obj</name>
      </input_file>
      <input_file id="fl-d3">
         <path>C:\ti\ccsv7\tools\compiler\ti-cgt-arm_16.9.0.LTS\lib\</path>
         <kind>archive</kind>
         <file>rtsv7M4_T_le_v4SPD16_eabi.lib</file>
         <name>cpy_tbl.obj</name>
      </input_file>
      <input_file id="fl-d4">
         <path>C:\ti\ccsv7\tools\compiler\ti-cgt-arm_16.9.0.LTS\lib\</path>
         <kind>archive</kind>
         <file>rtsv7M4_T_le_v4SPD16_eabi.lib</file>
         <name>i_div0.obj</name>
      </input_file>
      <input_file id="fl-d5">
         <path>C:\ti\ccsv7\tools\compiler\ti-cgt-arm_16.9.0.LTS\lib\</path>
         <kind>archive</kind>
         <file>rtsv7M4_T_le_v4SPD16_eabi.lib</file>
         <name>startup.obj</name>
      </input_file>
      <input_file id="fl-d6">
         <path>C:\ti\TivaWare_C_Series-2.1.2.111\driverlib\ccs\Debug\</path>
         <kind>archive</kind>
         <file>driverlib.lib</file>
         <name>fpu.obj</name>
      </input_file>
      <input_file id="fl-d7">
         <path>C:\ti\TivaWare_C_Series-2.1.2.111\driverlib\ccs\Debug\</path>
         <kind>archive</kind>
         <file>driverlib.lib</file>
         <name>gpio.obj</name>
      </input_file>
      <input_file id="fl-d8">
         <path>C:\ti\TivaWare_C_Series-2.1.2.111\driverlib\ccs\Debug\</path>
         <kind>archive</kind>
         <file>driverlib.lib</file>
         <name>interrupt.obj</name>
      </input_file>
      <input_file id="fl-d9">
         <path>C:\ti\TivaWare_C_Series-2.1.2.111\driverlib\ccs\Debug\</path>
         <kind>archive</kind>
         <file>driverlib.lib</file>
         <name>pwm.obj</name>
      </input_file>
      <input_file id="fl-da">
         <path>C:\ti\TivaWare_C_Series-2.1.2.111\driverlib\ccs\Debug\</path>
         <kind>archive</kind>
         <file>driverlib.lib</file>
         <name>sysctl.obj</name>
      </input_file>
      <input_file id="fl-db">
         <path>C:\ti\TivaWare_C_Series-2.1.2.111\driverlib\ccs\Debug\</path>
         <kind>archive</kind>
         <file>driverlib.lib</file>
         <name>timer.obj</name>
      </input_file>
      <input_file id="fl-dc">
         <path>C:\ti\TivaWare_C_Series-2.1.2.111\driverlib\ccs\Debug\</path>
         <kind>archive</kind>
         <file>driverlib.lib</file>
         <name>uart.obj</name>
      </input_file>
      <input_file id="fl-dd">
         <path>C:\ti\TivaWare_C_Series-2.1.2.111\driverlib\ccs\Debug\</path>
         <kind>archive</kind>
         <file>driverlib.lib</file>
         <name>cpu.obj</name>
      </input_file>
   </input_file_list>
   <object_component_list>
      <object_component id="oc-f">
         <name>.intvecs</name>
         <load_address>0x0</load_address>
         <run_address>0x0</run_address>
         <size>0x26c</size>
         <input_file_ref idref="fl-3"/>
      </object_component>
      <object_component id="oc-130">
         <name>.text</name>
         <load_address>0x26c</load_address>
         <run_address>0x26c</run_address>
         <size>0x49c</size>
         <input_file_ref idref="fl-4"/>
      </object_component>
      <object_component id="oc-10c">
         <name>.text</name>
         <load_address>0x708</load_address>
         <run_address>0x708</run_address>
         <size>0x454</size>
         <input_file_ref idref="fl-6"/>
      </object_component>
      <object_component id="oc-106">
         <name>.text</name>
         <load_address>0xb5c</load_address>
         <run_address>0xb5c</run_address>
         <size>0x208</size>
         <input_file_ref idref="fl-7"/>
      </object_component>
      <object_component id="oc-a7">
         <name>.text</name>
         <load_address>0xd64</load_address>
         <run_address>0xd64</run_address>
         <size>0x1bc</size>
         <input_file_ref idref="fl-2"/>
      </object_component>
      <object_component id="oc-228">
         <name>.text</name>
         <load_address>0xf20</load_address>
         <run_address>0xf20</run_address>
         <size>0x1b6</size>
         <input_file_ref idref="fl-c7"/>
      </object_component>
      <object_component id="oc-19e">
         <name>.text:GPIOPadConfigSet</name>
         <load_address>0x10d6</load_address>
         <run_address>0x10d6</run_address>
         <size>0x132</size>
         <input_file_ref idref="fl-d7"/>
      </object_component>
      <object_component id="oc-13c">
         <name>.text:SysCtlClockGet</name>
         <load_address>0x1208</load_address>
         <run_address>0x1208</run_address>
         <size>0x110</size>
         <input_file_ref idref="fl-da"/>
      </object_component>
      <object_component id="oc-dc">
         <name>.text:SysCtlClockSet</name>
         <load_address>0x1318</load_address>
         <run_address>0x1318</run_address>
         <size>0xf4</size>
         <input_file_ref idref="fl-da"/>
      </object_component>
      <object_component id="oc-3f">
         <name>.text</name>
         <load_address>0x140c</load_address>
         <run_address>0x140c</run_address>
         <size>0x9c</size>
         <input_file_ref idref="fl-ca"/>
      </object_component>
      <object_component id="oc-4b">
         <name>.text</name>
         <load_address>0x14a8</load_address>
         <run_address>0x14a8</run_address>
         <size>0x7a</size>
         <input_file_ref idref="fl-cb"/>
      </object_component>
      <object_component id="oc-2dc">
         <name>.text</name>
         <load_address>0x1522</load_address>
         <run_address>0x1522</run_address>
         <size>0x2</size>
         <input_file_ref idref="fl-d4"/>
      </object_component>
      <object_component id="oc-63">
         <name>.text</name>
         <load_address>0x1524</load_address>
         <run_address>0x1524</run_address>
         <size>0x70</size>
         <input_file_ref idref="fl-d2"/>
      </object_component>
      <object_component id="oc-154">
         <name>.text:IntEnable</name>
         <load_address>0x1594</load_address>
         <run_address>0x1594</run_address>
         <size>0x68</size>
         <input_file_ref idref="fl-d8"/>
      </object_component>
      <object_component id="oc-12">
         <name>.text:decompress:lzss</name>
         <load_address>0x15fc</load_address>
         <run_address>0x15fc</run_address>
         <size>0x68</size>
         <input_file_ref idref="fl-c3"/>
      </object_component>
      <object_component id="oc-136">
         <name>.text:TimerConfigure</name>
         <load_address>0x1664</load_address>
         <run_address>0x1664</run_address>
         <size>0x60</size>
         <input_file_ref idref="fl-db"/>
      </object_component>
      <object_component id="oc-24">
         <name>.text</name>
         <load_address>0x16c4</load_address>
         <run_address>0x16c4</run_address>
         <size>0x54</size>
         <input_file_ref idref="fl-c2"/>
      </object_component>
      <object_component id="oc-6f">
         <name>.text</name>
         <load_address>0x1718</load_address>
         <run_address>0x1718</run_address>
         <size>0x54</size>
         <input_file_ref idref="fl-c6"/>
      </object_component>
      <object_component id="oc-275">
         <name>.text:_TimerIntNumberGet</name>
         <load_address>0x176c</load_address>
         <run_address>0x176c</run_address>
         <size>0x4c</size>
         <input_file_ref idref="fl-db"/>
      </object_component>
      <object_component id="oc-99">
         <name>.text</name>
         <load_address>0x17b8</load_address>
         <run_address>0x17b8</run_address>
         <size>0x4c</size>
         <input_file_ref idref="fl-d3"/>
      </object_component>
      <object_component id="oc-11e">
         <name>.text:GPIOPinConfigure</name>
         <load_address>0x1804</load_address>
         <run_address>0x1804</run_address>
         <size>0x48</size>
         <input_file_ref idref="fl-d7"/>
      </object_component>
      <object_component id="oc-22d">
         <name>.text</name>
         <load_address>0x184c</load_address>
         <run_address>0x184c</run_address>
         <size>0x48</size>
         <input_file_ref idref="fl-c8"/>
      </object_component>
      <object_component id="oc-1d6">
         <name>.text:UARTConfigSetExpClk</name>
         <load_address>0x1894</load_address>
         <run_address>0x1894</run_address>
         <size>0x46</size>
         <input_file_ref idref="fl-dc"/>
      </object_component>
      <object_component id="oc-57">
         <name>.text</name>
         <load_address>0x18da</load_address>
         <run_address>0x18da</run_address>
         <size>0x2</size>
         <input_file_ref idref="fl-cc"/>
      </object_component>
      <object_component id="oc-2b5">
         <name>.text:_UARTIntNumberGet</name>
         <load_address>0x18dc</load_address>
         <run_address>0x18dc</run_address>
         <size>0x40</size>
         <input_file_ref idref="fl-dc"/>
      </object_component>
      <object_component id="oc-260">
         <name>.text</name>
         <load_address>0x191c</load_address>
         <run_address>0x191c</run_address>
         <size>0x40</size>
         <input_file_ref idref="fl-cf"/>
      </object_component>
      <object_component id="oc-245">
         <name>.text:SysCtlPeripheralPresent</name>
         <load_address>0x195c</load_address>
         <run_address>0x195c</run_address>
         <size>0x38</size>
         <input_file_ref idref="fl-da"/>
      </object_component>
      <object_component id="oc-f4">
         <name>.text:SysCtlPeripheralReady</name>
         <load_address>0x1994</load_address>
         <run_address>0x1994</run_address>
         <size>0x38</size>
         <input_file_ref idref="fl-da"/>
      </object_component>
      <object_component id="oc-27b">
         <name>.text:IntRegister</name>
         <load_address>0x19cc</load_address>
         <run_address>0x19cc</run_address>
         <size>0x34</size>
         <input_file_ref idref="fl-d8"/>
      </object_component>
      <object_component id="oc-ee">
         <name>.text:SysCtlPeripheralEnable</name>
         <load_address>0x1a00</load_address>
         <run_address>0x1a00</run_address>
         <size>0x34</size>
         <input_file_ref idref="fl-da"/>
      </object_component>
      <object_component id="oc-112">
         <name>.text</name>
         <load_address>0x1a34</load_address>
         <run_address>0x1a34</run_address>
         <size>0x30</size>
         <input_file_ref idref="fl-5"/>
      </object_component>
      <object_component id="oc-223">
         <name>.text</name>
         <load_address>0x1a64</load_address>
         <run_address>0x1a64</run_address>
         <size>0x2e</size>
         <input_file_ref idref="fl-c9"/>
      </object_component>
      <object_component id="oc-1a4">
         <name>.text:GPIODirModeSet</name>
         <load_address>0x1a92</load_address>
         <run_address>0x1a92</run_address>
         <size>0x2a</size>
         <input_file_ref idref="fl-d7"/>
      </object_component>
      <object_component id="oc-15a">
         <name>.text:IntPrioritySet</name>
         <load_address>0x1abc</load_address>
         <run_address>0x1abc</run_address>
         <size>0x24</size>
         <input_file_ref idref="fl-d8"/>
      </object_component>
      <object_component id="oc-205">
         <name>.text:PWMGenConfigure</name>
         <load_address>0x1ae0</load_address>
         <run_address>0x1ae0</run_address>
         <size>0x22</size>
         <input_file_ref idref="fl-d9"/>
      </object_component>
      <object_component id="oc-9f">
         <name>.text</name>
         <load_address>0x1b02</load_address>
         <run_address>0x1b02</run_address>
         <size>0x2</size>
         <input_file_ref idref="fl-d5"/>
      </object_component>
      <object_component id="oc-2ac">
         <name>.text:UARTDisable</name>
         <load_address>0x1b04</load_address>
         <run_address>0x1b04</run_address>
         <size>0x20</size>
         <input_file_ref idref="fl-dc"/>
      </object_component>
      <object_component id="oc-211">
         <name>.text:PWMPulseWidthSet</name>
         <load_address>0x1b24</load_address>
         <run_address>0x1b24</run_address>
         <size>0x1e</size>
         <input_file_ref idref="fl-d9"/>
      </object_component>
      <object_component id="oc-fa">
         <name>.text:GPIOPinTypeGPIOOutput</name>
         <load_address>0x1b42</load_address>
         <run_address>0x1b42</run_address>
         <size>0x18</size>
         <input_file_ref idref="fl-d7"/>
      </object_component>
      <object_component id="oc-148">
         <name>.text:TimerIntRegister</name>
         <load_address>0x1b5a</load_address>
         <run_address>0x1b5a</run_address>
         <size>0x18</size>
         <input_file_ref idref="fl-db"/>
      </object_component>
      <object_component id="oc-1e8">
         <name>.text:UARTIntRegister</name>
         <load_address>0x1b72</load_address>
         <run_address>0x1b72</run_address>
         <size>0x18</size>
         <input_file_ref idref="fl-dc"/>
      </object_component>
      <object_component id="oc-69">
         <name>.text</name>
         <load_address>0x1b8c</load_address>
         <run_address>0x1b8c</run_address>
         <size>0x18</size>
         <input_file_ref idref="fl-d1"/>
      </object_component>
      <object_component id="oc-1f9">
         <name>.text:SysCtlPWMClockSet</name>
         <load_address>0x1ba4</load_address>
         <run_address>0x1ba4</run_address>
         <size>0x14</size>
         <input_file_ref idref="fl-da"/>
      </object_component>
      <object_component id="oc-24b">
         <name>.text:UARTEnable</name>
         <load_address>0x1bb8</load_address>
         <run_address>0x1bb8</run_address>
         <size>0x14</size>
         <input_file_ref idref="fl-dc"/>
      </object_component>
      <object_component id="oc-17b">
         <name>.text</name>
         <load_address>0x1bcc</load_address>
         <run_address>0x1bcc</run_address>
         <size>0x14</size>
         <input_file_ref idref="fl-d0"/>
      </object_component>
      <object_component id="oc-1ff">
         <name>.text:GPIOPinTypePWM</name>
         <load_address>0x1be0</load_address>
         <run_address>0x1be0</run_address>
         <size>0x12</size>
         <input_file_ref idref="fl-d7"/>
      </object_component>
      <object_component id="oc-124">
         <name>.text:GPIOPinTypeUART</name>
         <load_address>0x1bf2</load_address>
         <run_address>0x1bf2</run_address>
         <size>0x12</size>
         <input_file_ref idref="fl-d7"/>
      </object_component>
      <object_component id="oc-217">
         <name>.text:PWMOutputState</name>
         <load_address>0x1c04</load_address>
         <run_address>0x1c04</run_address>
         <size>0x12</size>
         <input_file_ref idref="fl-d9"/>
      </object_component>
      <object_component id="oc-142">
         <name>.text:TimerLoadSet</name>
         <load_address>0x1c16</load_address>
         <run_address>0x1c16</run_address>
         <size>0x12</size>
         <input_file_ref idref="fl-db"/>
      </object_component>
      <object_component id="oc-e2">
         <name>.text:FPUEnable</name>
         <load_address>0x1c28</load_address>
         <run_address>0x1c28</run_address>
         <size>0x10</size>
         <input_file_ref idref="fl-d6"/>
      </object_component>
      <object_component id="oc-e8">
         <name>.text:FPULazyStackingEnable</name>
         <load_address>0x1c38</load_address>
         <run_address>0x1c38</run_address>
         <size>0x10</size>
         <input_file_ref idref="fl-d6"/>
      </object_component>
      <object_component id="oc-100">
         <name>.text:IntMasterDisable</name>
         <load_address>0x1c48</load_address>
         <run_address>0x1c48</run_address>
         <size>0x10</size>
         <input_file_ref idref="fl-d8"/>
      </object_component>
      <object_component id="oc-118">
         <name>.text:IntMasterEnable</name>
         <load_address>0x1c58</load_address>
         <run_address>0x1c58</run_address>
         <size>0x10</size>
         <input_file_ref idref="fl-d8"/>
      </object_component>
      <object_component id="oc-20b">
         <name>.text:PWMGenPeriodSet</name>
         <load_address>0x1c68</load_address>
         <run_address>0x1c68</run_address>
         <size>0x10</size>
         <input_file_ref idref="fl-d9"/>
      </object_component>
      <object_component id="oc-160">
         <name>.text:TimerEnable</name>
         <load_address>0x1c78</load_address>
         <run_address>0x1c78</run_address>
         <size>0xe</size>
         <input_file_ref idref="fl-db"/>
      </object_component>
      <object_component id="oc-1be">
         <name>.text:UARTCharGetNonBlocking</name>
         <load_address>0x1c86</load_address>
         <run_address>0x1c86</run_address>
         <size>0xe</size>
         <input_file_ref idref="fl-dc"/>
      </object_component>
      <object_component id="oc-1c4">
         <name>.text:UARTCharPutNonBlocking</name>
         <load_address>0x1c94</load_address>
         <run_address>0x1c94</run_address>
         <size>0xe</size>
         <input_file_ref idref="fl-dc"/>
      </object_component>
      <object_component id="oc-1ca">
         <name>.text:UARTCharsAvail</name>
         <load_address>0x1ca2</load_address>
         <run_address>0x1ca2</run_address>
         <size>0xe</size>
         <input_file_ref idref="fl-dc"/>
      </object_component>
      <object_component id="oc-18">
         <name>.text:decompress:none</name>
         <load_address>0x1cb0</load_address>
         <run_address>0x1cb0</run_address>
         <size>0xe</size>
         <input_file_ref idref="fl-c4"/>
      </object_component>
      <object_component id="oc-1ab">
         <name>.text:CPUcpsid</name>
         <load_address>0x1cbe</load_address>
         <run_address>0x1cbe</run_address>
         <size>0xc</size>
         <input_file_ref idref="fl-dd"/>
      </object_component>
      <object_component id="oc-237">
         <name>.text:CPUcpsie</name>
         <load_address>0x1cca</load_address>
         <run_address>0x1cca</run_address>
         <size>0xc</size>
         <input_file_ref idref="fl-dd"/>
      </object_component>
      <object_component id="oc-21d">
         <name>.text:PWMGenEnable</name>
         <load_address>0x1cd6</load_address>
         <run_address>0x1cd6</run_address>
         <size>0xc</size>
         <input_file_ref idref="fl-d9"/>
      </object_component>
      <object_component id="oc-1e">
         <name>.text:decompress:ZI</name>
         <load_address>0x1ce2</load_address>
         <run_address>0x1ce2</run_address>
         <size>0xc</size>
         <input_file_ref idref="fl-c5"/>
      </object_component>
      <object_component id="oc-2b">
         <name>.text</name>
         <load_address>0x1cee</load_address>
         <run_address>0x1cee</run_address>
         <size>0xc</size>
         <input_file_ref idref="fl-3"/>
      </object_component>
      <object_component id="oc-1d0">
         <name>.text:UARTCharGet</name>
         <load_address>0x1cfa</load_address>
         <run_address>0x1cfa</run_address>
         <size>0xa</size>
         <input_file_ref idref="fl-dc"/>
      </object_component>
      <object_component id="oc-251">
         <name>.text:UARTCharPut</name>
         <load_address>0x1d04</load_address>
         <run_address>0x1d04</run_address>
         <size>0xa</size>
         <input_file_ref idref="fl-dc"/>
      </object_component>
      <object_component id="oc-1dc">
         <name>.text:UARTFIFOEnable</name>
         <load_address>0x1d0e</load_address>
         <run_address>0x1d0e</run_address>
         <size>0xa</size>
         <input_file_ref idref="fl-dc"/>
      </object_component>
      <object_component id="oc-1b2">
         <name>.text:UARTIntStatus</name>
         <load_address>0x1d18</load_address>
         <run_address>0x1d18</run_address>
         <size>0xa</size>
         <input_file_ref idref="fl-dc"/>
      </object_component>
      <object_component id="oc-14e">
         <name>.text:TimerIntEnable</name>
         <load_address>0x1d22</load_address>
         <run_address>0x1d22</run_address>
         <size>0x8</size>
         <input_file_ref idref="fl-db"/>
      </object_component>
      <object_component id="oc-1ee">
         <name>.text:UARTIntEnable</name>
         <load_address>0x1d2a</load_address>
         <run_address>0x1d2a</run_address>
         <size>0x8</size>
         <input_file_ref idref="fl-dc"/>
      </object_component>
      <object_component id="oc-d6">
         <name>.text:GPIOPinWrite</name>
         <load_address>0x1d32</load_address>
         <run_address>0x1d32</run_address>
         <size>0x6</size>
         <input_file_ref idref="fl-d7"/>
      </object_component>
      <object_component id="oc-197">
         <name>.text:SysCtlDelay</name>
         <load_address>0x1d38</load_address>
         <run_address>0x1d38</run_address>
         <size>0x6</size>
         <input_file_ref idref="fl-da"/>
      </object_component>
      <object_component id="oc-12a">
         <name>.text:UARTClockSourceSet</name>
         <load_address>0x1d3e</load_address>
         <run_address>0x1d3e</run_address>
         <size>0x6</size>
         <input_file_ref idref="fl-dc"/>
      </object_component>
      <object_component id="oc-1e2">
         <name>.text:UARTFIFOLevelSet</name>
         <load_address>0x1d44</load_address>
         <run_address>0x1d44</run_address>
         <size>0x6</size>
         <input_file_ref idref="fl-dc"/>
      </object_component>
      <object_component id="oc-d0">
         <name>.text:TimerIntClear</name>
         <load_address>0x1d4a</load_address>
         <run_address>0x1d4a</run_address>
         <size>0x4</size>
         <input_file_ref idref="fl-db"/>
      </object_component>
      <object_component id="oc-1b8">
         <name>.text:UARTIntClear</name>
         <load_address>0x1d4e</load_address>
         <run_address>0x1d4e</run_address>
         <size>0x4</size>
         <input_file_ref idref="fl-dc"/>
      </object_component>
      <object_component id="oc-5d">
         <name>.text</name>
         <load_address>0x1d52</load_address>
         <run_address>0x1d52</run_address>
         <size>0x4</size>
         <input_file_ref idref="fl-cd"/>
      </object_component>
      <object_component id="oc-288">
         <name>.const:g_pui32Regs</name>
         <load_address>0x1d58</load_address>
         <run_address>0x1d58</run_address>
         <size>0x9c</size>
         <input_file_ref idref="fl-d8"/>
      </object_component>
      <object_component id="oc-23e">
         <name>.const:g_pui32GPIOBaseAddrs</name>
         <load_address>0x1df4</load_address>
         <run_address>0x1df4</run_address>
         <size>0x90</size>
         <input_file_ref idref="fl-d7"/>
      </object_component>
      <object_component id="oc-283">
         <name>.const</name>
         <load_address>0x1e84</load_address>
         <run_address>0x1e84</run_address>
         <size>0x70</size>
         <input_file_ref idref="fl-d8"/>
      </object_component>
      <object_component id="oc-270">
         <name>.const:g_pui32Xtals</name>
         <load_address>0x1ef4</load_address>
         <run_address>0x1ef4</run_address>
         <size>0x6c</size>
         <input_file_ref idref="fl-da"/>
      </object_component>
      <object_component id="oc-2ea">
         <name>.const:g_ppui32TimerIntMap</name>
         <load_address>0x1f60</load_address>
         <run_address>0x1f60</run_address>
         <size>0x60</size>
         <input_file_ref idref="fl-db"/>
      </object_component>
      <object_component id="oc-2ed">
         <name>.const:g_ppui32TimerIntMapSnowflake</name>
         <load_address>0x1fc0</load_address>
         <run_address>0x1fc0</run_address>
         <size>0x40</size>
         <input_file_ref idref="fl-db"/>
      </object_component>
      <object_component id="oc-2fc">
         <name>.const:g_ppui32UARTIntMap</name>
         <load_address>0x2000</load_address>
         <run_address>0x2000</run_address>
         <size>0x40</size>
         <input_file_ref idref="fl-dc"/>
      </object_component>
      <object_component id="oc-2ff">
         <name>.const:g_ppui32UARTIntMapSnowflake</name>
         <load_address>0x2040</load_address>
         <run_address>0x2040</run_address>
         <size>0x40</size>
         <input_file_ref idref="fl-dc"/>
      </object_component>
      <object_component id="oc-2e3">
         <name>.const:.string</name>
         <load_address>0x2080</load_address>
         <run_address>0x2080</run_address>
         <size>0x12</size>
         <input_file_ref idref="fl-4"/>
      </object_component>
      <object_component id="oc-25d">
         <name>.const:g_ui32UARTBase</name>
         <load_address>0x2094</load_address>
         <run_address>0x2094</run_address>
         <size>0xc</size>
         <input_file_ref idref="fl-4"/>
      </object_component>
      <object_component id="oc-257">
         <name>.const:g_ui32UARTPeriph</name>
         <load_address>0x20a0</load_address>
         <run_address>0x20a0</run_address>
         <size>0xc</size>
         <input_file_ref idref="fl-4"/>
      </object_component>
      <object_component id="oc-265">
         <name>.const</name>
         <load_address>0x20ac</load_address>
         <run_address>0x20ac</run_address>
         <size>0x4</size>
         <input_file_ref idref="fl-4"/>
      </object_component>
      <object_component id="oc-332">
         <name>.cinit..data.load</name>
         <load_address>0x20b0</load_address>
         <run_address>0x20b0</run_address>
         <size>0x1a</size>
      </object_component>
      <object_component id="oc-32f">
         <name>__TI_handler_table</name>
         <load_address>0x20cc</load_address>
         <run_address>0x20cc</run_address>
         <size>0xc</size>
      </object_component>
      <object_component id="oc-331">
         <name>.cinit..vtable.load</name>
         <load_address>0x20d8</load_address>
         <run_address>0x20d8</run_address>
         <size>0x8</size>
      </object_component>
      <object_component id="oc-330">
         <name>__TI_cinit_table</name>
         <load_address>0x20e0</load_address>
         <run_address>0x20e0</run_address>
         <size>0x10</size>
      </object_component>
      <object_component id="oc-2f1">
         <name>.vtable</name>
         <uninitialized>true</uninitialized>
         <run_address>0x20000000</run_address>
         <size>0x26c</size>
         <input_file_ref idref="fl-d8"/>
      </object_component>
      <object_component id="oc-169">
         <name>.data</name>
         <load_address>0x20000484</load_address>
         <run_address>0x20000484</run_address>
         <size>0xa</size>
         <input_file_ref idref="fl-2"/>
      </object_component>
      <object_component id="oc-1f4">
         <name>.data:receive_buffer</name>
         <load_address>0x20000498</load_address>
         <run_address>0x20000498</run_address>
         <size>0x8</size>
         <input_file_ref idref="fl-2"/>
      </object_component>
      <object_component id="oc-25a">
         <name>.data</name>
         <load_address>0x200004a0</load_address>
         <run_address>0x200004a0</run_address>
         <size>0x5</size>
         <input_file_ref idref="fl-4"/>
      </object_component>
      <object_component id="oc-166">
         <name>.data</name>
         <load_address>0x2000048e</load_address>
         <run_address>0x2000048e</run_address>
         <size>0x1</size>
         <input_file_ref idref="fl-5"/>
      </object_component>
      <object_component id="oc-232">
         <name>.data</name>
         <load_address>0x20000478</load_address>
         <run_address>0x20000478</run_address>
         <size>0xc</size>
         <input_file_ref idref="fl-6"/>
      </object_component>
      <object_component id="oc-16c">
         <name>.data</name>
         <load_address>0x2000048f</load_address>
         <run_address>0x2000048f</run_address>
         <size>0x1</size>
         <input_file_ref idref="fl-7"/>
      </object_component>
      <object_component id="oc-af">
         <name>.data:$O1$$</name>
         <load_address>0x2000046c</load_address>
         <run_address>0x2000046c</run_address>
         <size>0xc</size>
         <input_file_ref idref="fl-c6"/>
      </object_component>
      <object_component id="oc-75">
         <name>.data</name>
         <load_address>0x200004a8</load_address>
         <run_address>0x200004a8</run_address>
         <size>0x4</size>
         <input_file_ref idref="fl-ce"/>
      </object_component>
      <object_component id="oc-b2">
         <name>.data:$O1$$</name>
         <load_address>0x20000490</load_address>
         <run_address>0x20000490</run_address>
         <size>0x8</size>
         <input_file_ref idref="fl-d0"/>
      </object_component>
      <object_component id="oc-2a">
         <name>.stack</name>
         <uninitialized>true</uninitialized>
         <run_address>0x2000026c</run_address>
         <size>0x0</size>
         <input_file_ref idref="fl-c2"/>
      </object_component>
      <object_component id="oc-333">
         <name>.stack</name>
         <uninitialized>true</uninitialized>
         <run_address>0x2000026c</run_address>
         <size>0x0</size>
      </object_component>
      <object_component id="oc-170">
         <name>.debug_info</name>
         <load_address>0x0</load_address>
         <run_address>0x0</run_address>
         <size>0x643</size>
         <input_file_ref idref="fl-2"/>
      </object_component>
      <object_component id="oc-16a">
         <name>.debug_info</name>
         <load_address>0x643</load_address>
         <run_address>0x643</run_address>
         <size>0x17f</size>
         <input_file_ref idref="fl-2"/>
      </object_component>
      <object_component id="oc-1f5">
         <name>.debug_info</name>
         <load_address>0x7c2</load_address>
         <run_address>0x7c2</run_address>
         <size>0xdf</size>
         <input_file_ref idref="fl-2"/>
      </object_component>
      <object_component id="oc-a8">
         <name>.debug_info</name>
         <load_address>0x8a1</load_address>
         <run_address>0x8a1</run_address>
         <size>0x668</size>
         <input_file_ref idref="fl-2"/>
      </object_component>
      <object_component id="oc-ba">
         <name>.debug_info</name>
         <load_address>0xf09</load_address>
         <run_address>0xf09</run_address>
         <size>0x8b</size>
         <input_file_ref idref="fl-2"/>
      </object_component>
      <object_component id="oc-7c">
         <name>.debug_info</name>
         <load_address>0xf94</load_address>
         <run_address>0xf94</run_address>
         <size>0x18b</size>
         <input_file_ref idref="fl-2"/>
      </object_component>
      <object_component id="oc-26a">
         <name>.debug_info</name>
         <load_address>0x111f</load_address>
         <run_address>0x111f</run_address>
         <size>0x4e</size>
         <input_file_ref idref="fl-2"/>
      </object_component>
      <object_component id="oc-33">
         <name>.debug_info</name>
         <load_address>0x116d</load_address>
         <run_address>0x116d</run_address>
         <size>0x104</size>
         <input_file_ref idref="fl-3"/>
      </object_component>
      <object_component id="oc-10">
         <name>.debug_info</name>
         <load_address>0x1271</load_address>
         <run_address>0x1271</run_address>
         <size>0xef</size>
         <input_file_ref idref="fl-3"/>
      </object_component>
      <object_component id="oc-2c">
         <name>.debug_info</name>
         <load_address>0x1360</load_address>
         <run_address>0x1360</run_address>
         <size>0x26b</size>
         <input_file_ref idref="fl-3"/>
      </object_component>
      <object_component id="oc-3a">
         <name>.debug_info</name>
         <load_address>0x15cb</load_address>
         <run_address>0x15cb</run_address>
         <size>0x84</size>
         <input_file_ref idref="fl-3"/>
      </object_component>
      <object_component id="oc-269">
         <name>.debug_info</name>
         <load_address>0x164f</load_address>
         <run_address>0x164f</run_address>
         <size>0x263</size>
         <input_file_ref idref="fl-4"/>
      </object_component>
      <object_component id="oc-25b">
         <name>.debug_info</name>
         <load_address>0x18b2</load_address>
         <run_address>0x18b2</run_address>
         <size>0x100</size>
         <input_file_ref idref="fl-4"/>
      </object_component>
      <object_component id="oc-266">
         <name>.debug_info</name>
         <load_address>0x19b2</load_address>
         <run_address>0x19b2</run_address>
         <size>0xfa</size>
         <input_file_ref idref="fl-4"/>
      </object_component>
      <object_component id="oc-25e">
         <name>.debug_info</name>
         <load_address>0x1aac</load_address>
         <run_address>0x1aac</run_address>
         <size>0x108</size>
         <input_file_ref idref="fl-4"/>
      </object_component>
      <object_component id="oc-258">
         <name>.debug_info</name>
         <load_address>0x1bb4</load_address>
         <run_address>0x1bb4</run_address>
         <size>0x10c</size>
         <input_file_ref idref="fl-4"/>
      </object_component>
      <object_component id="oc-131">
         <name>.debug_info</name>
         <load_address>0x1cc0</load_address>
         <run_address>0x1cc0</run_address>
         <size>0x965</size>
         <input_file_ref idref="fl-4"/>
      </object_component>
      <object_component id="oc-167">
         <name>.debug_info</name>
         <load_address>0x2625</load_address>
         <run_address>0x2625</run_address>
         <size>0xda</size>
         <input_file_ref idref="fl-5"/>
      </object_component>
      <object_component id="oc-115">
         <name>.debug_info</name>
         <load_address>0x26ff</load_address>
         <run_address>0x26ff</run_address>
         <size>0x1cb</size>
         <input_file_ref idref="fl-5"/>
      </object_component>
      <object_component id="oc-234">
         <name>.debug_info</name>
         <load_address>0x28ca</load_address>
         <run_address>0x28ca</run_address>
         <size>0x400</size>
         <input_file_ref idref="fl-6"/>
      </object_component>
      <object_component id="oc-10e">
         <name>.debug_info</name>
         <load_address>0x2cca</load_address>
         <run_address>0x2cca</run_address>
         <size>0xc3b</size>
         <input_file_ref idref="fl-6"/>
      </object_component>
      <object_component id="oc-1f8">
         <name>.debug_info</name>
         <load_address>0x3905</load_address>
         <run_address>0x3905</run_address>
         <size>0x553</size>
         <input_file_ref idref="fl-7"/>
      </object_component>
      <object_component id="oc-16d">
         <name>.debug_info</name>
         <load_address>0x3e58</load_address>
         <run_address>0x3e58</run_address>
         <size>0xee</size>
         <input_file_ref idref="fl-7"/>
      </object_component>
      <object_component id="oc-107">
         <name>.debug_info</name>
         <load_address>0x3f46</load_address>
         <run_address>0x3f46</run_address>
         <size>0x749</size>
         <input_file_ref idref="fl-7"/>
      </object_component>
      <object_component id="oc-26">
         <name>.debug_info</name>
         <load_address>0x468f</load_address>
         <run_address>0x468f</run_address>
         <size>0x160</size>
         <input_file_ref idref="fl-c2"/>
      </object_component>
      <object_component id="oc-86">
         <name>.debug_info</name>
         <load_address>0x47ef</load_address>
         <run_address>0x47ef</run_address>
         <size>0xf9</size>
         <input_file_ref idref="fl-c3"/>
      </object_component>
      <object_component id="oc-13">
         <name>.debug_info</name>
         <load_address>0x48e8</load_address>
         <run_address>0x48e8</run_address>
         <size>0x245</size>
         <input_file_ref idref="fl-c3"/>
      </object_component>
      <object_component id="oc-35">
         <name>.debug_info</name>
         <load_address>0x4b2d</load_address>
         <run_address>0x4b2d</run_address>
         <size>0x60</size>
         <input_file_ref idref="fl-c3"/>
      </object_component>
      <object_component id="oc-81">
         <name>.debug_info</name>
         <load_address>0x4b8d</load_address>
         <run_address>0x4b8d</run_address>
         <size>0x46</size>
         <input_file_ref idref="fl-c3"/>
      </object_component>
      <object_component id="oc-4a">
         <name>.debug_info</name>
         <load_address>0x4bd3</load_address>
         <run_address>0x4bd3</run_address>
         <size>0x140</size>
         <input_file_ref idref="fl-c4"/>
      </object_component>
      <object_component id="oc-1c">
         <name>.debug_info</name>
         <load_address>0x4d13</load_address>
         <run_address>0x4d13</run_address>
         <size>0x1df</size>
         <input_file_ref idref="fl-c4"/>
      </object_component>
      <object_component id="oc-45">
         <name>.debug_info</name>
         <load_address>0x4ef2</load_address>
         <run_address>0x4ef2</run_address>
         <size>0x46</size>
         <input_file_ref idref="fl-c4"/>
      </object_component>
      <object_component id="oc-88">
         <name>.debug_info</name>
         <load_address>0x4f38</load_address>
         <run_address>0x4f38</run_address>
         <size>0x2c</size>
         <input_file_ref idref="fl-c4"/>
      </object_component>
      <object_component id="oc-56">
         <name>.debug_info</name>
         <load_address>0x4f64</load_address>
         <run_address>0x4f64</run_address>
         <size>0x12f</size>
         <input_file_ref idref="fl-c5"/>
      </object_component>
      <object_component id="oc-20">
         <name>.debug_info</name>
         <load_address>0x5093</load_address>
         <run_address>0x5093</run_address>
         <size>0x1aa</size>
         <input_file_ref idref="fl-c5"/>
      </object_component>
      <object_component id="oc-51">
         <name>.debug_info</name>
         <load_address>0x523d</load_address>
         <run_address>0x523d</run_address>
         <size>0x46</size>
         <input_file_ref idref="fl-c5"/>
      </object_component>
      <object_component id="oc-90">
         <name>.debug_info</name>
         <load_address>0x5283</load_address>
         <run_address>0x5283</run_address>
         <size>0x2c</size>
         <input_file_ref idref="fl-c5"/>
      </object_component>
      <object_component id="oc-b6">
         <name>.debug_info</name>
         <load_address>0x52af</load_address>
         <run_address>0x52af</run_address>
         <size>0x234</size>
         <input_file_ref idref="fl-c6"/>
      </object_component>
      <object_component id="oc-b0">
         <name>.debug_info</name>
         <load_address>0x54e3</load_address>
         <run_address>0x54e3</run_address>
         <size>0x185</size>
         <input_file_ref idref="fl-c6"/>
      </object_component>
      <object_component id="oc-70">
         <name>.debug_info</name>
         <load_address>0x5668</load_address>
         <run_address>0x5668</run_address>
         <size>0x214</size>
         <input_file_ref idref="fl-c6"/>
      </object_component>
      <object_component id="oc-229">
         <name>.debug_info</name>
         <load_address>0x587c</load_address>
         <run_address>0x587c</run_address>
         <size>0x144</size>
         <input_file_ref idref="fl-c7"/>
      </object_component>
      <object_component id="oc-22f">
         <name>.debug_info</name>
         <load_address>0x59c0</load_address>
         <run_address>0x59c0</run_address>
         <size>0x126</size>
         <input_file_ref idref="fl-c8"/>
      </object_component>
      <object_component id="oc-225">
         <name>.debug_info</name>
         <load_address>0x5ae6</load_address>
         <run_address>0x5ae6</run_address>
         <size>0x124</size>
         <input_file_ref idref="fl-c9"/>
      </object_component>
      <object_component id="oc-40">
         <name>.debug_info</name>
         <load_address>0x5c0a</load_address>
         <run_address>0x5c0a</run_address>
         <size>0x111</size>
         <input_file_ref idref="fl-ca"/>
      </object_component>
      <object_component id="oc-4e">
         <name>.debug_info</name>
         <load_address>0x5d1b</load_address>
         <run_address>0x5d1b</run_address>
         <size>0x13f</size>
         <input_file_ref idref="fl-cb"/>
      </object_component>
      <object_component id="oc-58">
         <name>.debug_info</name>
         <load_address>0x5e5a</load_address>
         <run_address>0x5e5a</run_address>
         <size>0x138</size>
         <input_file_ref idref="fl-cc"/>
      </object_component>
      <object_component id="oc-60">
         <name>.debug_info</name>
         <load_address>0x5f92</load_address>
         <run_address>0x5f92</run_address>
         <size>0x148</size>
         <input_file_ref idref="fl-cd"/>
      </object_component>
      <object_component id="oc-76">
         <name>.debug_info</name>
         <load_address>0x60da</load_address>
         <run_address>0x60da</run_address>
         <size>0x109</size>
         <input_file_ref idref="fl-ce"/>
      </object_component>
      <object_component id="oc-263">
         <name>.debug_info</name>
         <load_address>0x61e3</load_address>
         <run_address>0x61e3</run_address>
         <size>0x13a</size>
         <input_file_ref idref="fl-cf"/>
      </object_component>
      <object_component id="oc-183">
         <name>.debug_info</name>
         <load_address>0x631d</load_address>
         <run_address>0x631d</run_address>
         <size>0x124</size>
         <input_file_ref idref="fl-d0"/>
      </object_component>
      <object_component id="oc-b3">
         <name>.debug_info</name>
         <load_address>0x6441</load_address>
         <run_address>0x6441</run_address>
         <size>0x113</size>
         <input_file_ref idref="fl-d0"/>
      </object_component>
      <object_component id="oc-17f">
         <name>.debug_info</name>
         <load_address>0x6554</load_address>
         <run_address>0x6554</run_address>
         <size>0x21f</size>
         <input_file_ref idref="fl-d0"/>
      </object_component>
      <object_component id="oc-ae">
         <name>.debug_info</name>
         <load_address>0x6773</load_address>
         <run_address>0x6773</run_address>
         <size>0x166</size>
         <input_file_ref idref="fl-d1"/>
      </object_component>
      <object_component id="oc-6a">
         <name>.debug_info</name>
         <load_address>0x68d9</load_address>
         <run_address>0x68d9</run_address>
         <size>0x167</size>
         <input_file_ref idref="fl-d1"/>
      </object_component>
      <object_component id="oc-174">
         <name>.debug_info</name>
         <load_address>0x6a40</load_address>
         <run_address>0x6a40</run_address>
         <size>0x5e</size>
         <input_file_ref idref="fl-d1"/>
      </object_component>
      <object_component id="oc-a6">
         <name>.debug_info</name>
         <load_address>0x6a9e</load_address>
         <run_address>0x6a9e</run_address>
         <size>0x2e9</size>
         <input_file_ref idref="fl-d2"/>
      </object_component>
      <object_component id="oc-66">
         <name>.debug_info</name>
         <load_address>0x6d87</load_address>
         <run_address>0x6d87</run_address>
         <size>0x190</size>
         <input_file_ref idref="fl-d2"/>
      </object_component>
      <object_component id="oc-c6">
         <name>.debug_info</name>
         <load_address>0x6f17</load_address>
         <run_address>0x6f17</run_address>
         <size>0x39</size>
         <input_file_ref idref="fl-d2"/>
      </object_component>
      <object_component id="oc-18e">
         <name>.debug_info</name>
         <load_address>0x6f50</load_address>
         <run_address>0x6f50</run_address>
         <size>0x39</size>
         <input_file_ref idref="fl-d2"/>
      </object_component>
      <object_component id="oc-cb">
         <name>.debug_info</name>
         <load_address>0x6f89</load_address>
         <run_address>0x6f89</run_address>
         <size>0xcd</size>
         <input_file_ref idref="fl-d2"/>
      </object_component>
      <object_component id="oc-c2">
         <name>.debug_info</name>
         <load_address>0x7056</load_address>
         <run_address>0x7056</run_address>
         <size>0x1e0</size>
         <input_file_ref idref="fl-d3"/>
      </object_component>
      <object_component id="oc-9a">
         <name>.debug_info</name>
         <load_address>0x7236</load_address>
         <run_address>0x7236</run_address>
         <size>0x183</size>
         <input_file_ref idref="fl-d3"/>
      </object_component>
      <object_component id="oc-189">
         <name>.debug_info</name>
         <load_address>0x73b9</load_address>
         <run_address>0x73b9</run_address>
         <size>0x2c</size>
         <input_file_ref idref="fl-d3"/>
      </object_component>
      <object_component id="oc-2dd">
         <name>.debug_info</name>
         <load_address>0x73e5</load_address>
         <run_address>0x73e5</run_address>
         <size>0x147</size>
         <input_file_ref idref="fl-d4"/>
      </object_component>
      <object_component id="oc-a0">
         <name>.debug_info</name>
         <load_address>0x752c</load_address>
         <run_address>0x752c</run_address>
         <size>0x145</size>
         <input_file_ref idref="fl-d5"/>
      </object_component>
      <object_component id="oc-e9">
         <name>.debug_info</name>
         <load_address>0x7671</load_address>
         <run_address>0x7671</run_address>
         <size>0x189</size>
         <input_file_ref idref="fl-d6"/>
      </object_component>
      <object_component id="oc-e3">
         <name>.debug_info</name>
         <load_address>0x77fa</load_address>
         <run_address>0x77fa</run_address>
         <size>0x171</size>
         <input_file_ref idref="fl-d6"/>
      </object_component>
      <object_component id="oc-196">
         <name>.debug_info</name>
         <load_address>0x796b</load_address>
         <run_address>0x796b</run_address>
         <size>0x1e2</size>
         <input_file_ref idref="fl-d7"/>
      </object_component>
      <object_component id="oc-23f">
         <name>.debug_info</name>
         <load_address>0x7b4d</load_address>
         <run_address>0x7b4d</run_address>
         <size>0x10d</size>
         <input_file_ref idref="fl-d7"/>
      </object_component>
      <object_component id="oc-d9">
         <name>.debug_info</name>
         <load_address>0x7c5a</load_address>
         <run_address>0x7c5a</run_address>
         <size>0x207</size>
         <input_file_ref idref="fl-d7"/>
      </object_component>
      <object_component id="oc-1a7">
         <name>.debug_info</name>
         <load_address>0x7e61</load_address>
         <run_address>0x7e61</run_address>
         <size>0x217</size>
         <input_file_ref idref="fl-d7"/>
      </object_component>
      <object_component id="oc-1a1">
         <name>.debug_info</name>
         <load_address>0x8078</load_address>
         <run_address>0x8078</run_address>
         <size>0x27a</size>
         <input_file_ref idref="fl-d7"/>
      </object_component>
      <object_component id="oc-127">
         <name>.debug_info</name>
         <load_address>0x82f2</load_address>
         <run_address>0x82f2</run_address>
         <size>0x1df</size>
         <input_file_ref idref="fl-d7"/>
      </object_component>
      <object_component id="oc-202">
         <name>.debug_info</name>
         <load_address>0x84d1</load_address>
         <run_address>0x84d1</run_address>
         <size>0x1dd</size>
         <input_file_ref idref="fl-d7"/>
      </object_component>
      <object_component id="oc-fd">
         <name>.debug_info</name>
         <load_address>0x86ae</load_address>
         <run_address>0x86ae</run_address>
         <size>0x21b</size>
         <input_file_ref idref="fl-d7"/>
      </object_component>
      <object_component id="oc-11f">
         <name>.debug_info</name>
         <load_address>0x88c9</load_address>
         <run_address>0x88c9</run_address>
         <size>0x1e4</size>
         <input_file_ref idref="fl-d7"/>
      </object_component>
      <object_component id="oc-287">
         <name>.debug_info</name>
         <load_address>0x8aad</load_address>
         <run_address>0x8aad</run_address>
         <size>0x1c0</size>
         <input_file_ref idref="fl-d8"/>
      </object_component>
      <object_component id="oc-284">
         <name>.debug_info</name>
         <load_address>0x8c6d</load_address>
         <run_address>0x8c6d</run_address>
         <size>0x1c2</size>
         <input_file_ref idref="fl-d8"/>
      </object_component>
      <object_component id="oc-289">
         <name>.debug_info</name>
         <load_address>0x8e2f</load_address>
         <run_address>0x8e2f</run_address>
         <size>0x100</size>
         <input_file_ref idref="fl-d8"/>
      </object_component>
      <object_component id="oc-2f2">
         <name>.debug_info</name>
         <load_address>0x8f2f</load_address>
         <run_address>0x8f2f</run_address>
         <size>0x109</size>
         <input_file_ref idref="fl-d8"/>
      </object_component>
      <object_component id="oc-27c">
         <name>.debug_info</name>
         <load_address>0x9038</load_address>
         <run_address>0x9038</run_address>
         <size>0x225</size>
         <input_file_ref idref="fl-d8"/>
      </object_component>
      <object_component id="oc-15b">
         <name>.debug_info</name>
         <load_address>0x925d</load_address>
         <run_address>0x925d</run_address>
         <size>0x22d</size>
         <input_file_ref idref="fl-d8"/>
      </object_component>
      <object_component id="oc-119">
         <name>.debug_info</name>
         <load_address>0x948a</load_address>
         <run_address>0x948a</run_address>
         <size>0x1a2</size>
         <input_file_ref idref="fl-d8"/>
      </object_component>
      <object_component id="oc-101">
         <name>.debug_info</name>
         <load_address>0x962c</load_address>
         <run_address>0x962c</run_address>
         <size>0x1a4</size>
         <input_file_ref idref="fl-d8"/>
      </object_component>
      <object_component id="oc-155">
         <name>.debug_info</name>
         <load_address>0x97d0</load_address>
         <run_address>0x97d0</run_address>
         <size>0x1cc</size>
         <input_file_ref idref="fl-d8"/>
      </object_component>
      <object_component id="oc-2c4">
         <name>.debug_info</name>
         <load_address>0x999c</load_address>
         <run_address>0x999c</run_address>
         <size>0x19f</size>
         <input_file_ref idref="fl-d9"/>
      </object_component>
      <object_component id="oc-212">
         <name>.debug_info</name>
         <load_address>0x9b3b</load_address>
         <run_address>0x9b3b</run_address>
         <size>0x25a</size>
         <input_file_ref idref="fl-d9"/>
      </object_component>
      <object_component id="oc-218">
         <name>.debug_info</name>
         <load_address>0x9d95</load_address>
         <run_address>0x9d95</run_address>
         <size>0x228</size>
         <input_file_ref idref="fl-d9"/>
      </object_component>
      <object_component id="oc-20c">
         <name>.debug_info</name>
         <load_address>0x9fbd</load_address>
         <run_address>0x9fbd</run_address>
         <size>0x21a</size>
         <input_file_ref idref="fl-d9"/>
      </object_component>
      <object_component id="oc-21e">
         <name>.debug_info</name>
         <load_address>0xa1d7</load_address>
         <run_address>0xa1d7</run_address>
         <size>0x1da</size>
         <input_file_ref idref="fl-d9"/>
      </object_component>
      <object_component id="oc-206">
         <name>.debug_info</name>
         <load_address>0xa3b1</load_address>
         <run_address>0xa3b1</run_address>
         <size>0x217</size>
         <input_file_ref idref="fl-d9"/>
      </object_component>
      <object_component id="oc-199">
         <name>.debug_info</name>
         <load_address>0xa5c8</load_address>
         <run_address>0xa5c8</run_address>
         <size>0x231</size>
         <input_file_ref idref="fl-da"/>
      </object_component>
      <object_component id="oc-271">
         <name>.debug_info</name>
         <load_address>0xa7f9</load_address>
         <run_address>0xa7f9</run_address>
         <size>0xff</size>
         <input_file_ref idref="fl-da"/>
      </object_component>
      <object_component id="oc-f8">
         <name>.debug_info</name>
         <load_address>0xa8f8</load_address>
         <run_address>0xa8f8</run_address>
         <size>0x1e3</size>
         <input_file_ref idref="fl-da"/>
      </object_component>
      <object_component id="oc-249">
         <name>.debug_info</name>
         <load_address>0xaadb</load_address>
         <run_address>0xaadb</run_address>
         <size>0x1e7</size>
         <input_file_ref idref="fl-da"/>
      </object_component>
      <object_component id="oc-f2">
         <name>.debug_info</name>
         <load_address>0xacc2</load_address>
         <run_address>0xacc2</run_address>
         <size>0x1e1</size>
         <input_file_ref idref="fl-da"/>
      </object_component>
      <object_component id="oc-1fa">
         <name>.debug_info</name>
         <load_address>0xaea3</load_address>
         <run_address>0xaea3</run_address>
         <size>0x1c7</size>
         <input_file_ref idref="fl-da"/>
      </object_component>
      <object_component id="oc-dd">
         <name>.debug_info</name>
         <load_address>0xb06a</load_address>
         <run_address>0xb06a</run_address>
         <size>0x23f</size>
         <input_file_ref idref="fl-da"/>
      </object_component>
      <object_component id="oc-13d">
         <name>.debug_info</name>
         <load_address>0xb2a9</load_address>
         <run_address>0xb2a9</run_address>
         <size>0x219</size>
         <input_file_ref idref="fl-da"/>
      </object_component>
      <object_component id="oc-29e">
         <name>.debug_info</name>
         <load_address>0xb4c2</load_address>
         <run_address>0xb4c2</run_address>
         <size>0x5f</size>
         <input_file_ref idref="fl-da"/>
      </object_component>
      <object_component id="oc-194">
         <name>.debug_info</name>
         <load_address>0xb521</load_address>
         <run_address>0xb521</run_address>
         <size>0x1d5</size>
         <input_file_ref idref="fl-db"/>
      </object_component>
      <object_component id="oc-2eb">
         <name>.debug_info</name>
         <load_address>0xb6f6</load_address>
         <run_address>0xb6f6</run_address>
         <size>0x10c</size>
         <input_file_ref idref="fl-db"/>
      </object_component>
      <object_component id="oc-2ee">
         <name>.debug_info</name>
         <load_address>0xb802</load_address>
         <run_address>0xb802</run_address>
         <size>0x11e</size>
         <input_file_ref idref="fl-db"/>
      </object_component>
      <object_component id="oc-145">
         <name>.debug_info</name>
         <load_address>0xb920</load_address>
         <run_address>0xb920</run_address>
         <size>0x21e</size>
         <input_file_ref idref="fl-db"/>
      </object_component>
      <object_component id="oc-279">
         <name>.debug_info</name>
         <load_address>0xbb3e</load_address>
         <run_address>0xbb3e</run_address>
         <size>0x24f</size>
         <input_file_ref idref="fl-db"/>
      </object_component>
      <object_component id="oc-14c">
         <name>.debug_info</name>
         <load_address>0xbd8d</load_address>
         <run_address>0xbd8d</run_address>
         <size>0x248</size>
         <input_file_ref idref="fl-db"/>
      </object_component>
      <object_component id="oc-152">
         <name>.debug_info</name>
         <load_address>0xbfd5</load_address>
         <run_address>0xbfd5</run_address>
         <size>0x1f8</size>
         <input_file_ref idref="fl-db"/>
      </object_component>
      <object_component id="oc-d4">
         <name>.debug_info</name>
         <load_address>0xc1cd</load_address>
         <run_address>0xc1cd</run_address>
         <size>0x1f6</size>
         <input_file_ref idref="fl-db"/>
      </object_component>
      <object_component id="oc-164">
         <name>.debug_info</name>
         <load_address>0xc3c3</load_address>
         <run_address>0xc3c3</run_address>
         <size>0x1e3</size>
         <input_file_ref idref="fl-db"/>
      </object_component>
      <object_component id="oc-13a">
         <name>.debug_info</name>
         <load_address>0xc5a6</load_address>
         <run_address>0xc5a6</run_address>
         <size>0x1f0</size>
         <input_file_ref idref="fl-db"/>
      </object_component>
      <object_component id="oc-244">
         <name>.debug_info</name>
         <load_address>0xc796</load_address>
         <run_address>0xc796</run_address>
         <size>0x1d9</size>
         <input_file_ref idref="fl-dc"/>
      </object_component>
      <object_component id="oc-2fd">
         <name>.debug_info</name>
         <load_address>0xc96f</load_address>
         <run_address>0xc96f</run_address>
         <size>0x109</size>
         <input_file_ref idref="fl-dc"/>
      </object_component>
      <object_component id="oc-300">
         <name>.debug_info</name>
         <load_address>0xca78</load_address>
         <run_address>0xca78</run_address>
         <size>0x11b</size>
         <input_file_ref idref="fl-dc"/>
      </object_component>
      <object_component id="oc-2b6">
         <name>.debug_info</name>
         <load_address>0xcb93</load_address>
         <run_address>0xcb93</run_address>
         <size>0x1e2</size>
         <input_file_ref idref="fl-dc"/>
      </object_component>
      <object_component id="oc-1b3">
         <name>.debug_info</name>
         <load_address>0xcd75</load_address>
         <run_address>0xcd75</run_address>
         <size>0x1e3</size>
         <input_file_ref idref="fl-dc"/>
      </object_component>
      <object_component id="oc-1e9">
         <name>.debug_info</name>
         <load_address>0xcf58</load_address>
         <run_address>0xcf58</run_address>
         <size>0x227</size>
         <input_file_ref idref="fl-dc"/>
      </object_component>
      <object_component id="oc-1ef">
         <name>.debug_info</name>
         <load_address>0xd17f</load_address>
         <run_address>0xd17f</run_address>
         <size>0x1f3</size>
         <input_file_ref idref="fl-dc"/>
      </object_component>
      <object_component id="oc-1b9">
         <name>.debug_info</name>
         <load_address>0xd372</load_address>
         <run_address>0xd372</run_address>
         <size>0x1f1</size>
         <input_file_ref idref="fl-dc"/>
      </object_component>
      <object_component id="oc-1e3">
         <name>.debug_info</name>
         <load_address>0xd563</load_address>
         <run_address>0xd563</run_address>
         <size>0x233</size>
         <input_file_ref idref="fl-dc"/>
      </object_component>
      <object_component id="oc-1dd">
         <name>.debug_info</name>
         <load_address>0xd796</load_address>
         <run_address>0xd796</run_address>
         <size>0x1b3</size>
         <input_file_ref idref="fl-dc"/>
      </object_component>
      <object_component id="oc-24c">
         <name>.debug_info</name>
         <load_address>0xd949</load_address>
         <run_address>0xd949</run_address>
         <size>0x1ab</size>
         <input_file_ref idref="fl-dc"/>
      </object_component>
      <object_component id="oc-2ad">
         <name>.debug_info</name>
         <load_address>0xdaf4</load_address>
         <run_address>0xdaf4</run_address>
         <size>0x1ad</size>
         <input_file_ref idref="fl-dc"/>
      </object_component>
      <object_component id="oc-1d7">
         <name>.debug_info</name>
         <load_address>0xdca1</load_address>
         <run_address>0xdca1</run_address>
         <size>0x28a</size>
         <input_file_ref idref="fl-dc"/>
      </object_component>
      <object_component id="oc-12b">
         <name>.debug_info</name>
         <load_address>0xdf2b</load_address>
         <run_address>0xdf2b</run_address>
         <size>0x1f5</size>
         <input_file_ref idref="fl-dc"/>
      </object_component>
      <object_component id="oc-1cb">
         <name>.debug_info</name>
         <load_address>0xe120</load_address>
         <run_address>0xe120</run_address>
         <size>0x1b7</size>
         <input_file_ref idref="fl-dc"/>
      </object_component>
      <object_component id="oc-1c5">
         <name>.debug_info</name>
         <load_address>0xe2d7</load_address>
         <run_address>0xe2d7</run_address>
         <size>0x1f1</size>
         <input_file_ref idref="fl-dc"/>
      </object_component>
      <object_component id="oc-252">
         <name>.debug_info</name>
         <load_address>0xe4c8</load_address>
         <run_address>0xe4c8</run_address>
         <size>0x1d7</size>
         <input_file_ref idref="fl-dc"/>
      </object_component>
      <object_component id="oc-1bf">
         <name>.debug_info</name>
         <load_address>0xe69f</load_address>
         <run_address>0xe69f</run_address>
         <size>0x1c7</size>
         <input_file_ref idref="fl-dc"/>
      </object_component>
      <object_component id="oc-1d1">
         <name>.debug_info</name>
         <load_address>0xe866</load_address>
         <run_address>0xe866</run_address>
         <size>0x1b1</size>
         <input_file_ref idref="fl-dc"/>
      </object_component>
      <object_component id="oc-238">
         <name>.debug_info</name>
         <load_address>0xea17</load_address>
         <run_address>0xea17</run_address>
         <size>0x176</size>
         <input_file_ref idref="fl-dd"/>
      </object_component>
      <object_component id="oc-1ac">
         <name>.debug_info</name>
         <load_address>0xeb8d</load_address>
         <run_address>0xeb8d</run_address>
         <size>0x173</size>
         <input_file_ref idref="fl-dd"/>
      </object_component>
      <object_component id="oc-334">
         <name>.debug_info</name>
         <load_address>0xed00</load_address>
         <run_address>0xed00</run_address>
         <size>0xa5</size>
      </object_component>
      <object_component id="oc-294">
         <name>.debug_line</name>
         <load_address>0x0</load_address>
         <run_address>0x0</run_address>
         <size>0x279</size>
         <input_file_ref idref="fl-2"/>
      </object_component>
      <object_component id="oc-290">
         <name>.debug_line</name>
         <load_address>0x279</load_address>
         <run_address>0x279</run_address>
         <size>0x2d</size>
         <input_file_ref idref="fl-2"/>
      </object_component>
      <object_component id="oc-2be">
         <name>.debug_line</name>
         <load_address>0x2a6</load_address>
         <run_address>0x2a6</run_address>
         <size>0x2d</size>
         <input_file_ref idref="fl-2"/>
      </object_component>
      <object_component id="oc-ac">
         <name>.debug_line</name>
         <load_address>0x2d3</load_address>
         <run_address>0x2d3</run_address>
         <size>0xfe</size>
         <input_file_ref idref="fl-2"/>
      </object_component>
      <object_component id="oc-bd">
         <name>.debug_line</name>
         <load_address>0x3d1</load_address>
         <run_address>0x3d1</run_address>
         <size>0x20</size>
         <input_file_ref idref="fl-2"/>
      </object_component>
      <object_component id="oc-7f">
         <name>.debug_line</name>
         <load_address>0x3f1</load_address>
         <run_address>0x3f1</run_address>
         <size>0x65</size>
         <input_file_ref idref="fl-2"/>
      </object_component>
      <object_component id="oc-26d">
         <name>.debug_line</name>
         <load_address>0x456</load_address>
         <run_address>0x456</run_address>
         <size>0x65</size>
         <input_file_ref idref="fl-2"/>
      </object_component>
      <object_component id="oc-7b">
         <name>.debug_line</name>
         <load_address>0x4bb</load_address>
         <run_address>0x4bb</run_address>
         <size>0x41</size>
         <input_file_ref idref="fl-3"/>
      </object_component>
      <object_component id="oc-32">
         <name>.debug_line</name>
         <load_address>0x4fc</load_address>
         <run_address>0x4fc</run_address>
         <size>0x41</size>
         <input_file_ref idref="fl-3"/>
      </object_component>
      <object_component id="oc-30">
         <name>.debug_line</name>
         <load_address>0x53d</load_address>
         <run_address>0x53d</run_address>
         <size>0xa1</size>
         <input_file_ref idref="fl-3"/>
      </object_component>
      <object_component id="oc-3d">
         <name>.debug_line</name>
         <load_address>0x5de</load_address>
         <run_address>0x5de</run_address>
         <size>0x20</size>
         <input_file_ref idref="fl-3"/>
      </object_component>
      <object_component id="oc-2e7">
         <name>.debug_line</name>
         <load_address>0x5fe</load_address>
         <run_address>0x5fe</run_address>
         <size>0x8e</size>
         <input_file_ref idref="fl-4"/>
      </object_component>
      <object_component id="oc-2d9">
         <name>.debug_line</name>
         <load_address>0x68c</load_address>
         <run_address>0x68c</run_address>
         <size>0x57</size>
         <input_file_ref idref="fl-4"/>
      </object_component>
      <object_component id="oc-2e5">
         <name>.debug_line</name>
         <load_address>0x6e3</load_address>
         <run_address>0x6e3</run_address>
         <size>0x57</size>
         <input_file_ref idref="fl-4"/>
      </object_component>
      <object_component id="oc-2db">
         <name>.debug_line</name>
         <load_address>0x73a</load_address>
         <run_address>0x73a</run_address>
         <size>0x57</size>
         <input_file_ref idref="fl-4"/>
      </object_component>
      <object_component id="oc-2d7">
         <name>.debug_line</name>
         <load_address>0x791</load_address>
         <run_address>0x791</run_address>
         <size>0x57</size>
         <input_file_ref idref="fl-4"/>
      </object_component>
      <object_component id="oc-134">
         <name>.debug_line</name>
         <load_address>0x7e8</load_address>
         <run_address>0x7e8</run_address>
         <size>0x2a8</size>
         <input_file_ref idref="fl-4"/>
      </object_component>
      <object_component id="oc-28e">
         <name>.debug_line</name>
         <load_address>0xa90</load_address>
         <run_address>0xa90</run_address>
         <size>0x30</size>
         <input_file_ref idref="fl-5"/>
      </object_component>
      <object_component id="oc-113">
         <name>.debug_line</name>
         <load_address>0xac0</load_address>
         <run_address>0xac0</run_address>
         <size>0x76</size>
         <input_file_ref idref="fl-5"/>
      </object_component>
      <object_component id="oc-2cd">
         <name>.debug_line</name>
         <load_address>0xb36</load_address>
         <run_address>0xb36</run_address>
         <size>0x158</size>
         <input_file_ref idref="fl-6"/>
      </object_component>
      <object_component id="oc-10d">
         <name>.debug_line</name>
         <load_address>0xc8e</load_address>
         <run_address>0xc8e</run_address>
         <size>0x1f7</size>
         <input_file_ref idref="fl-6"/>
      </object_component>
      <object_component id="oc-2c0">
         <name>.debug_line</name>
         <load_address>0xe85</load_address>
         <run_address>0xe85</run_address>
         <size>0x151</size>
         <input_file_ref idref="fl-7"/>
      </object_component>
      <object_component id="oc-292">
         <name>.debug_line</name>
         <load_address>0xfd6</load_address>
         <run_address>0xfd6</run_address>
         <size>0x34</size>
         <input_file_ref idref="fl-7"/>
      </object_component>
      <object_component id="oc-10a">
         <name>.debug_line</name>
         <load_address>0x100a</load_address>
         <run_address>0x100a</run_address>
         <size>0x111</size>
         <input_file_ref idref="fl-7"/>
      </object_component>
      <object_component id="oc-25">
         <name>.debug_line</name>
         <load_address>0x111b</load_address>
         <run_address>0x111b</run_address>
         <size>0x53</size>
         <input_file_ref idref="fl-c2"/>
      </object_component>
      <object_component id="oc-c0">
         <name>.debug_line</name>
         <load_address>0x116e</load_address>
         <run_address>0x116e</run_address>
         <size>0x20</size>
         <input_file_ref idref="fl-c3"/>
      </object_component>
      <object_component id="oc-16">
         <name>.debug_line</name>
         <load_address>0x118e</load_address>
         <run_address>0x118e</run_address>
         <size>0xa9</size>
         <input_file_ref idref="fl-c3"/>
      </object_component>
      <object_component id="oc-38">
         <name>.debug_line</name>
         <load_address>0x1237</load_address>
         <run_address>0x1237</run_address>
         <size>0x3a</size>
         <input_file_ref idref="fl-c3"/>
      </object_component>
      <object_component id="oc-84">
         <name>.debug_line</name>
         <load_address>0x1271</load_address>
         <run_address>0x1271</run_address>
         <size>0x8a</size>
         <input_file_ref idref="fl-c3"/>
      </object_component>
      <object_component id="oc-8e">
         <name>.debug_line</name>
         <load_address>0x12fb</load_address>
         <run_address>0x12fb</run_address>
         <size>0x8a</size>
         <input_file_ref idref="fl-c4"/>
      </object_component>
      <object_component id="oc-1b">
         <name>.debug_line</name>
         <load_address>0x1385</load_address>
         <run_address>0x1385</run_address>
         <size>0x55</size>
         <input_file_ref idref="fl-c4"/>
      </object_component>
      <object_component id="oc-48">
         <name>.debug_line</name>
         <load_address>0x13da</load_address>
         <run_address>0x13da</run_address>
         <size>0x3a</size>
         <input_file_ref idref="fl-c4"/>
      </object_component>
      <object_component id="oc-8b">
         <name>.debug_line</name>
         <load_address>0x1414</load_address>
         <run_address>0x1414</run_address>
         <size>0x8a</size>
         <input_file_ref idref="fl-c4"/>
      </object_component>
      <object_component id="oc-96">
         <name>.debug_line</name>
         <load_address>0x149e</load_address>
         <run_address>0x149e</run_address>
         <size>0x8a</size>
         <input_file_ref idref="fl-c5"/>
      </object_component>
      <object_component id="oc-1f">
         <name>.debug_line</name>
         <load_address>0x1528</load_address>
         <run_address>0x1528</run_address>
         <size>0x4f</size>
         <input_file_ref idref="fl-c5"/>
      </object_component>
      <object_component id="oc-54">
         <name>.debug_line</name>
         <load_address>0x1577</load_address>
         <run_address>0x1577</run_address>
         <size>0x34</size>
         <input_file_ref idref="fl-c5"/>
      </object_component>
      <object_component id="oc-93">
         <name>.debug_line</name>
         <load_address>0x15ab</load_address>
         <run_address>0x15ab</run_address>
         <size>0x8a</size>
         <input_file_ref idref="fl-c5"/>
      </object_component>
      <object_component id="oc-186">
         <name>.debug_line</name>
         <load_address>0x1635</load_address>
         <run_address>0x1635</run_address>
         <size>0xf2</size>
         <input_file_ref idref="fl-c6"/>
      </object_component>
      <object_component id="oc-17a">
         <name>.debug_line</name>
         <load_address>0x1727</load_address>
         <run_address>0x1727</run_address>
         <size>0x2a</size>
         <input_file_ref idref="fl-c6"/>
      </object_component>
      <object_component id="oc-74">
         <name>.debug_line</name>
         <load_address>0x1751</load_address>
         <run_address>0x1751</run_address>
         <size>0x86</size>
         <input_file_ref idref="fl-c6"/>
      </object_component>
      <object_component id="oc-22c">
         <name>.debug_line</name>
         <load_address>0x17d7</load_address>
         <run_address>0x17d7</run_address>
         <size>0xd2</size>
         <input_file_ref idref="fl-c7"/>
      </object_component>
      <object_component id="oc-231">
         <name>.debug_line</name>
         <load_address>0x18a9</load_address>
         <run_address>0x18a9</run_address>
         <size>0x5a</size>
         <input_file_ref idref="fl-c8"/>
      </object_component>
      <object_component id="oc-227">
         <name>.debug_line</name>
         <load_address>0x1903</load_address>
         <run_address>0x1903</run_address>
         <size>0x50</size>
         <input_file_ref idref="fl-c9"/>
      </object_component>
      <object_component id="oc-43">
         <name>.debug_line</name>
         <load_address>0x1953</load_address>
         <run_address>0x1953</run_address>
         <size>0x88</size>
         <input_file_ref idref="fl-ca"/>
      </object_component>
      <object_component id="oc-4d">
         <name>.debug_line</name>
         <load_address>0x19db</load_address>
         <run_address>0x19db</run_address>
         <size>0x79</size>
         <input_file_ref idref="fl-cb"/>
      </object_component>
      <object_component id="oc-5b">
         <name>.debug_line</name>
         <load_address>0x1a54</load_address>
         <run_address>0x1a54</run_address>
         <size>0x3d</size>
         <input_file_ref idref="fl-cc"/>
      </object_component>
[...]
         <value>0x200</value>
      </symbol>
      <symbol id="sm-9">
         <name>__STACK_END</name>
         <value>0x2000046c</value>
      </symbol>
      <symbol id="sm-a">
         <name>__c_args__</name>
         <value>0xffffffff</value>
      </symbol>
      <symbol id="sm-b">
         <name>__TI_pprof_out_hndl</name>
         <value>0xffffffff</value>
      </symbol>
      <symbol id="sm-c">
         <name>__TI_prof_data_start</name>
         <value>0xffffffff</value>
      </symbol>
      <symbol id="sm-d">
         <name>__TI_prof_data_size</name>
         <value>0xffffffff</value>
      </symbol>
      <symbol id="sm-6e">
         <name>command</name>
         <value>0x20000485</value>
         <object_component_ref idref="oc-169"/>
      </symbol>
      <symbol id="sm-6f">
         <name>command_last</name>
         <value>0x20000488</value>
         <object_component_ref idref="oc-169"/>
      </symbol>
      <symbol id="sm-70">
         <name>delayms</name>
         <value>0xdc1</value>
         <object_component_ref idref="oc-a7"/>
      </symbol>
      <symbol id="sm-71">
         <name>main</name>
         <value>0xdeb</value>
         <object_component_ref idref="oc-a7"/>
      </symbol>
      <symbol id="sm-72">
         <name>command_end</name>
         <value>0x2000048a</value>
         <object_component_ref idref="oc-169"/>
      </symbol>
      <symbol id="sm-73">
         <name>receive_buffer</name>
         <value>0x20000498</value>
         <object_component_ref idref="oc-1f4"/>
      </symbol>
      <symbol id="sm-74">
         <name>ConfigureUART</name>
         <value>0xe5b</value>
         <object_component_ref idref="oc-a7"/>
      </symbol>
      <symbol id="sm-75">
         <name>timer0_Configure</name>
         <value>0xe97</value>
         <object_component_ref idref="oc-a7"/>
      </symbol>
      <symbol id="sm-76">
         <name>ADCDataReadyFlag</name>
         <value>0x20000484</value>
         <object_component_ref idref="oc-169"/>
      </symbol>
      <symbol id="sm-77">
         <name>command_number</name>
         <value>0x20000486</value>
         <object_component_ref idref="oc-169"/>
      </symbol>
      <symbol id="sm-78">
         <name>timer0_IntHandler</name>
         <value>0xd65</value>
         <object_component_ref idref="oc-a7"/>
      </symbol>
      <symbol id="sm-99">
         <name>ResetISR</name>
         <value>0x1cef</value>
         <object_component_ref idref="oc-2b"/>
      </symbol>
      <symbol id="sm-9a">
         <name>g_pfnVectors</name>
         <value>0x0</value>
         <object_component_ref idref="oc-f"/>
      </symbol>
      <symbol id="sm-109">
         <name>UARTgetc</name>
         <value>0x3b3</value>
         <object_component_ref idref="oc-130"/>
      </symbol>
      <symbol id="sm-10a">
         <name>UARTgets</name>
         <value>0x2f9</value>
         <object_component_ref idref="oc-130"/>
      </symbol>
      <symbol id="sm-10b">
         <name>UARTStdioConfig</name>
         <value>0x26d</value>
         <object_component_ref idref="oc-130"/>
      </symbol>
      <symbol id="sm-10c">
         <name>UARTwrite</name>
         <value>0x2b3</value>
         <object_component_ref idref="oc-130"/>
      </symbol>
      <symbol id="sm-10d">
         <name>UARTprintf</name>
         <value>0x6d3</value>
         <object_component_ref idref="oc-130"/>
      </symbol>
      <symbol id="sm-10e">
         <name>UARTvprintf</name>
         <value>0x3d9</value>
         <object_component_ref idref="oc-130"/>
      </symbol>
      <symbol id="sm-124">
         <name>bee_off</name>
         <value>0x1a4f</value>
         <object_component_ref idref="oc-112"/>
      </symbol>
      <symbol id="sm-125">
         <name>bee_init</name>
         <value>0x1a35</value>
         <object_component_ref idref="oc-112"/>
      </symbol>
      <symbol id="sm-126">
         <name>bee_switch</name>
         <value>0x2000048e</value>
         <object_component_ref idref="oc-166"/>
      </symbol>
      <symbol id="sm-127">
         <name>bee_on</name>
         <value>0x1a47</value>
         <object_component_ref idref="oc-112"/>
      </symbol>
      <symbol id="sm-18b">
         <name>motor_set_speed</name>
         <value>0xb13</value>
         <object_component_ref idref="oc-10c"/>
      </symbol>
      <symbol id="sm-18c">
         <name>motor_Control</name>
         <value>0x84b</value>
         <object_component_ref idref="oc-10c"/>
      </symbol>
      <symbol id="sm-18d">
         <name>car_driver</name>
         <value>0x9d1</value>
         <object_component_ref idref="oc-10c"/>
      </symbol>
      <symbol id="sm-18e">
         <name>motor_Init</name>
         <value>0x709</value>
         <object_component_ref idref="oc-10c"/>
      </symbol>
      <symbol id="sm-1c5">
         <name>radio_Init</name>
         <value>0xd05</value>
         <object_component_ref idref="oc-106"/>
      </symbol>
      <symbol id="sm-1c6">
         <name>data_complete_flag</name>
         <value>0x2000048f</value>
         <object_component_ref idref="oc-16c"/>
      </symbol>
      <symbol id="sm-1d7">
         <name>_c_int00</name>
         <value>0x16c5</value>
         <object_component_ref idref="oc-24"/>
      </symbol>
      <symbol id="sm-1d8">
         <name>__stack</name>
         <value>0x2000026c</value>
         <object_component_ref idref="oc-2a"/>
      </symbol>
      <symbol id="sm-1f6">
         <name>__TI_decompress_lzss</name>
         <value>0x15fd</value>
         <object_component_ref idref="oc-12"/>
      </symbol>
      <symbol id="sm-20d">
         <name>__TI_decompress_none</name>
         <value>0x1cb1</value>
         <object_component_ref idref="oc-18"/>
      </symbol>
      <symbol id="sm-224">
         <name>__TI_zero_init</name>
         <value>0x1ce3</value>
         <object_component_ref idref="oc-1e"/>
      </symbol>
      <symbol id="sm-245">
         <name>C$$EXIT</name>
         <value>0x1719</value>
         <object_component_ref idref="oc-6f"/>
      </symbol>
      <symbol id="sm-246">
         <name>abort</name>
         <value>0x171d</value>
         <object_component_ref idref="oc-6f"/>
      </symbol>
      <symbol id="sm-247">
         <name>exit</name>
         <value>0x1725</value>
         <object_component_ref idref="oc-6f"/>
      </symbol>
      <symbol id="sm-248">
         <name>__TI_dtors_ptr</name>
         <value>0x20000470</value>
         <object_component_ref idref="oc-af"/>
      </symbol>
      <symbol id="sm-249">
         <name>__TI_cleanup_ptr</name>
         <value>0x2000046c</value>
         <object_component_ref idref="oc-af"/>
      </symbol>
      <symbol id="sm-24a">
         <name>__TI_enable_exit_profile_output</name>
         <value>0x20000474</value>
         <object_component_ref idref="oc-af"/>
      </symbol>
      <symbol id="sm-261">
         <name>__aeabi_dsub</name>
         <value>0xf21</value>
         <object_component_ref idref="oc-228"/>
      </symbol>
      <symbol id="sm-262">
         <name>__aeabi_dadd</name>
         <value>0xf2b</value>
         <object_component_ref idref="oc-228"/>
      </symbol>
      <symbol id="sm-26c">
         <name>__aeabi_d2iz</name>
         <value>0x184d</value>
         <object_component_ref idref="oc-22d"/>
      </symbol>
      <symbol id="sm-276">
         <name>__aeabi_i2d</name>
         <value>0x1a65</value>
         <object_component_ref idref="oc-223"/>
      </symbol>
      <symbol id="sm-291">
         <name>memcpy</name>
         <value>0x140d</value>
         <object_component_ref idref="oc-3f"/>
      </symbol>
      <symbol id="sm-292">
         <name>__aeabi_memcpy</name>
         <value>0x140d</value>
         <object_component_ref idref="oc-3f"/>
      </symbol>
      <symbol id="sm-293">
         <name>__aeabi_memcpy8</name>
         <value>0x140d</value>
         <object_component_ref idref="oc-3f"/>
      </symbol>
      <symbol id="sm-294">
         <name>__aeabi_memcpy4</name>
         <value>0x140d</value>
         <object_component_ref idref="oc-3f"/>
      </symbol>
      <symbol id="sm-2a3">
         <name>__aeabi_memset</name>
         <value>0x14ab</value>
         <object_component_ref idref="oc-4b"/>
      </symbol>
      <symbol id="sm-2a4">
         <name>memset</name>
         <value>0x14b1</value>
         <object_component_ref idref="oc-4b"/>
      </symbol>
      <symbol id="sm-2a5">
         <name>__aeabi_memset8</name>
         <value>0x14ab</value>
         <object_component_ref idref="oc-4b"/>
      </symbol>
      <symbol id="sm-2a6">
         <name>__aeabi_memset4</name>
         <value>0x14ab</value>
         <object_component_ref idref="oc-4b"/>
      </symbol>
      <symbol id="sm-2a7">
         <name>__aeabi_memclr8</name>
         <value>0x14a9</value>
         <object_component_ref idref="oc-4b"/>
      </symbol>
      <symbol id="sm-2a8">
         <name>__aeabi_memclr4</name>
         <value>0x14a9</value>
         <object_component_ref idref="oc-4b"/>
      </symbol>
      <symbol id="sm-2a9">
         <name>__aeabi_memclr</name>
         <value>0x14a9</value>
         <object_component_ref idref="oc-4b"/>
      </symbol>
      <symbol id="sm-2b3">
         <name>__mpu_init</name>
         <value>0x18db</value>
         <object_component_ref idref="oc-57"/>
      </symbol>
      <symbol id="sm-2bd">
         <name>_system_pre_init</name>
         <value>0x1d53</value>
         <object_component_ref idref="oc-5d"/>
      </symbol>
      <symbol id="sm-2c5">
         <name>main_func_sp</name>
         <value>0x200004a8</value>
         <object_component_ref idref="oc-75"/>
      </symbol>
      <symbol id="sm-2d4">
         <name>__aeabi_uidivmod</name>
         <value>0x191d</value>
         <object_component_ref idref="oc-260"/>
      </symbol>
      <symbol id="sm-2d5">
         <name>__aeabi_uidiv</name>
         <value>0x191d</value>
         <object_component_ref idref="oc-260"/>
      </symbol>
      <symbol id="sm-2ee">
         <name>_nop</name>
         <value>0x1bdb</value>
         <object_component_ref idref="oc-17b"/>
      </symbol>
      <symbol id="sm-2ef">
         <name>_lock</name>
         <value>0x20000490</value>
         <object_component_ref idref="oc-b2"/>
      </symbol>
      <symbol id="sm-2f0">
         <name>_unlock</name>
         <value>0x20000494</value>
         <object_component_ref idref="oc-b2"/>
      </symbol>
      <symbol id="sm-2f1">
         <name>_register_lock</name>
         <value>0x1bd3</value>
         <object_component_ref idref="oc-17b"/>
      </symbol>
      <symbol id="sm-2f2">
         <name>_register_unlock</name>
         <value>0x1bcd</value>
         <object_component_ref idref="oc-17b"/>
      </symbol>
      <symbol id="sm-306">
         <name>_args_main</name>
         <value>0x1b8d</value>
         <object_component_ref idref="oc-69"/>
      </symbol>
      <symbol id="sm-330">
         <name>__TI_auto_init</name>
         <value>0x1525</value>
         <object_component_ref idref="oc-63"/>
      </symbol>
      <symbol id="sm-34a">
         <name>copy_in</name>
         <value>0x17b9</value>
         <object_component_ref idref="oc-99"/>
      </symbol>
      <symbol id="sm-354">
         <name>__aeabi_idiv0</name>
         <value>0x1523</value>
         <object_component_ref idref="oc-2dc"/>
      </symbol>
      <symbol id="sm-35e">
         <name>_system_post_cinit</name>
         <value>0x1b03</value>
         <object_component_ref idref="oc-9f"/>
      </symbol>
      <symbol id="sm-374">
         <name>FPULazyStackingEnable</name>
         <value>0x1c39</value>
         <object_component_ref idref="oc-e8"/>
      </symbol>
      <symbol id="sm-375">
         <name>FPUEnable</name>
         <value>0x1c29</value>
         <object_component_ref idref="oc-e2"/>
      </symbol>
      <symbol id="sm-3bf">
         <name>GPIOPinTypePWM</name>
         <value>0x1be1</value>
         <object_component_ref idref="oc-1ff"/>
      </symbol>
      <symbol id="sm-3c0">
         <name>GPIOPinConfigure</name>
         <value>0x1805</value>
         <object_component_ref idref="oc-11e"/>
      </symbol>
      <symbol id="sm-3c1">
         <name>GPIOPinTypeUART</name>
         <value>0x1bf3</value>
         <object_component_ref idref="oc-124"/>
      </symbol>
      <symbol id="sm-3c2">
         <name>GPIOPinTypeGPIOOutput</name>
         <value>0x1b43</value>
         <object_component_ref idref="oc-fa"/>
      </symbol>
      <symbol id="sm-3c3">
         <name>GPIODirModeSet</name>
         <value>0x1a93</value>
         <object_component_ref idref="oc-1a4"/>
      </symbol>
      <symbol id="sm-3c4">
         <name>GPIOPinWrite</name>
         <value>0x1d33</value>
         <object_component_ref idref="oc-d6"/>
      </symbol>
      <symbol id="sm-3c5">
         <name>GPIOPadConfigSet</name>
         <value>0x10d7</value>
         <object_component_ref idref="oc-19e"/>
      </symbol>
      <symbol id="sm-421">
         <name>IntPrioritySet</name>
         <value>0x1abd</value>
         <object_component_ref idref="oc-15a"/>
      </symbol>
      <symbol id="sm-422">
         <name>IntEnable</name>
         <value>0x1595</value>
         <object_component_ref idref="oc-154"/>
      </symbol>
      <symbol id="sm-423">
         <name>IntRegister</name>
         <value>0x19cd</value>
         <object_component_ref idref="oc-27b"/>
      </symbol>
      <symbol id="sm-424">
         <name>IntMasterDisable</name>
         <value>0x1c49</value>
         <object_component_ref idref="oc-100"/>
      </symbol>
      <symbol id="sm-425">
         <name>g_pfnRAMVectors</name>
         <value>0x20000000</value>
         <object_component_ref idref="oc-2f1"/>
      </symbol>
      <symbol id="sm-426">
         <name>IntMasterEnable</name>
         <value>0x1c59</value>
         <object_component_ref idref="oc-118"/>
      </symbol>
      <symbol id="sm-453">
         <name>PWMGenPeriodSet</name>
         <value>0x1c69</value>
         <object_component_ref idref="oc-20b"/>
      </symbol>
      <symbol id="sm-454">
         <name>PWMPulseWidthSet</name>
         <value>0x1b25</value>
         <object_component_ref idref="oc-211"/>
      </symbol>
      <symbol id="sm-455">
         <name>PWMOutputState</name>
         <value>0x1c05</value>
         <object_component_ref idref="oc-217"/>
      </symbol>
      <symbol id="sm-456">
         <name>PWMGenEnable</name>
         <value>0x1cd7</value>
         <object_component_ref idref="oc-21d"/>
      </symbol>
      <symbol id="sm-457">
         <name>PWMGenConfigure</name>
         <value>0x1ae1</value>
         <object_component_ref idref="oc-205"/>
      </symbol>
      <symbol id="sm-4c9">
         <name>SysCtlPeripheralPresent</name>
         <value>0x195d</value>
         <object_component_ref idref="oc-245"/>
      </symbol>
      <symbol id="sm-4ca">
         <name>SysCtlClockSet</name>
         <value>0x1319</value>
         <object_component_ref idref="oc-dc"/>
      </symbol>
      <symbol id="sm-4cb">
         <name>SysCtlDelay</name>
         <value>0x1d39</value>
         <object_component_ref idref="oc-197"/>
      </symbol>
      <symbol id="sm-4cc">
         <name>SysCtlPeripheralEnable</name>
         <value>0x1a01</value>
         <object_component_ref idref="oc-ee"/>
      </symbol>
      <symbol id="sm-4cd">
         <name>SysCtlClockGet</name>
         <value>0x1209</value>
         <object_component_ref idref="oc-13c"/>
      </symbol>
      <symbol id="sm-4ce">
         <name>SysCtlPWMClockSet</name>
         <value>0x1ba5</value>
         <object_component_ref idref="oc-1f9"/>
      </symbol>
      <symbol id="sm-4cf">
         <name>SysCtlPeripheralReady</name>
         <value>0x1995</value>
         <object_component_ref idref="oc-f4"/>
      </symbol>
      <symbol id="sm-52a">
         <name>TimerLoadSet</name>
         <value>0x1c17</value>
         <object_component_ref idref="oc-142"/>
      </symbol>
      <symbol id="sm-52b">
         <name>TimerIntRegister</name>
         <value>0x1b5b</value>
         <object_component_ref idref="oc-148"/>
      </symbol>
      <symbol id="sm-52c">
         <name>TimerEnable</name>
         <value>0x1c79</value>
         <object_component_ref idref="oc-160"/>
      </symbol>
      <symbol id="sm-52d">
         <name>TimerIntEnable</name>
         <value>0x1d23</value>
         <object_component_ref idref="oc-14e"/>
      </symbol>
      <symbol id="sm-52e">
         <name>TimerConfigure</name>
         <value>0x1665</value>
         <object_component_ref idref="oc-136"/>
      </symbol>
      <symbol id="sm-52f">
         <name>TimerIntClear</name>
         <value>0x1d4b</value>
         <object_component_ref idref="oc-d0"/>
      </symbol>
      <symbol id="sm-5d1">
         <name>UARTCharPutNonBlocking</name>
         <value>0x1c95</value>
         <object_component_ref idref="oc-1c4"/>
      </symbol>
      <symbol id="sm-5d2">
         <name>UARTConfigSetExpClk</name>
         <value>0x1895</value>
         <object_component_ref idref="oc-1d6"/>
      </symbol>
      <symbol id="sm-5d3">
         <name>UARTDisable</name>
         <value>0x1b05</value>
         <object_component_ref idref="oc-2ac"/>
      </symbol>
      <symbol id="sm-5d4">
         <name>UARTIntEnable</name>
         <value>0x1d2b</value>
         <object_component_ref idref="oc-1ee"/>
      </symbol>
      <symbol id="sm-5d5">
         <name>UARTCharsAvail</name>
         <value>0x1ca3</value>
         <object_component_ref idref="oc-1ca"/>
      </symbol>
      <symbol id="sm-5d6">
         <name>UARTCharGetNonBlocking</name>
         <value>0x1c87</value>
         <object_component_ref idref="oc-1be"/>
      </symbol>
      <symbol id="sm-5d7">
         <name>UARTClockSourceSet</name>
         <value>0x1d3f</value>
         <object_component_ref idref="oc-12a"/>
      </symbol>
      <symbol id="sm-5d8">
         <name>UARTCharPut</name>
         <value>0x1d05</value>
         <object_component_ref idref="oc-251"/>
      </symbol>
      <symbol id="sm-5d9">
         <name>UARTEnable</name>
         <value>0x1bb9</value>
         <object_component_ref idref="oc-24b"/>
      </symbol>
      <symbol id="sm-5da">
         <name>UARTFIFOEnable</name>
         <value>0x1d0f</value>
         <object_component_ref idref="oc-1dc"/>
      </symbol>
      <symbol id="sm-5db">
         <name>UARTIntClear</name>
         <value>0x1d4f</value>
         <object_component_ref idref="oc-1b8"/>
      </symbol>
      <symbol id="sm-5dc">
         <name>UARTIntStatus</name>
         <value>0x1d19</value>
         <object_component_ref idref="oc-1b2"/>
      </symbol>
      <symbol id="sm-5dd">
         <name>UARTCharGet</name>
         <value>0x1cfb</value>
         <object_component_ref idref="oc-1d0"/>
      </symbol>
      <symbol id="sm-5de">
         <name>UARTFIFOLevelSet</name>
         <value>0x1d45</value>
         <object_component_ref idref="oc-1e2"/>
      </symbol>
      <symbol id="sm-5df">
         <name>UARTIntRegister</name>
         <value>0x1b73</value>
         <object_component_ref idref="oc-1e8"/>
      </symbol>
      <symbol id="sm-5f1">
         <name>CPUcpsie</name>
         <value>0x1ccb</value>
         <object_component_ref idref="oc-237"/>
      </symbol>
      <symbol id="sm-5f2">
         <name>CPUcpsid</name>
         <value>0x1cbf</value>
         <object_component_ref idref="oc-1ab"/>
      </symbol>
      <symbol id="sm-5f3">
         <name>__TI_static_base__</name>
         <value>0x0</value>
      </symbol>
      <symbol id="sm-5f6">
         <name>SHT$$INIT_ARRAY$$Limit</name>
         <value>0x0</value>
      </symbol>
      <symbol id="sm-5f7">
         <name>SHT$$INIT_ARRAY$$Base</name>
         <value>0x0</value>
      </symbol>
   </symbol_table>
   <title>Link successful</title>
</link_info>
