******************************************************************************
                  TI ARM Linker PC v16.9.0                     
******************************************************************************
>> Linked Sat Aug 12 13:52:46 2017

OUTPUT FILE NAME:   <car_radio_echo.out>
ENTRY POINT SYMBOL: "_c_int00"  address: 000016c5


MEMORY CONFIGURATION

         name            origin    length      used     unused   attr    fill
----------------------  --------  ---------  --------  --------  ----  --------
  FLASH                 00000000   00040000  000020ee  0003df12  R  X
  SRAM                  20000000   00008000  000004ac  00007b54  RW X


SEGMENT ALLOCATION MAP

run origin  load origin   length   init length attrs members
----------  ----------- ---------- ----------- ----- -------
00000000    00000000    000020f0   000020f0    r-x
  00000000    00000000    0000026c   0000026c    r-- .intvecs
  0000026c    0000026c    00001aea   00001aea    r-x .text
  00001d58    00001d58    00000358   00000358    r-- .const
  000020b0    000020b0    00000040   00000040    r-- .cinit
20000000    20000000    000004ac   00000000    rw-
  20000000    20000000    0000026c   00000000    rw- .vtable
  2000026c    2000026c    00000200   00000000    rw- .stack
  2000046c    2000046c    00000040   00000000    rw- .data


SECTION ALLOCATION MAP

 output                                  attributes/
section   page    origin      length       input sections
--------  ----  ----------  ----------   ----------------
.intvecs   0    00000000    0000026c     
                  00000000    0000026c     tm4c123gh6pm_startup_ccs.obj (.intvecs)

.text      0    0000026c    00001aea     
                  0000026c    0000049c     uartstdio.obj (.text)
                  00000708    00000454     motor_ctl.obj (.text)
                  00000b5c    00000208     radio.obj (.text)
                  00000d64    000001bc     main.obj (.text)
                  00000f20    000001b6     rtsv7M4_T_le_v4SPD16_eabi.lib : fd_add_t2.obj (.text)
                  000010d6    00000132     driverlib.lib : gpio.obj (.text:GPIOPadConfigSet)
                  00001208    00000110                   : sysctl.obj (.text:SysCtlClockGet)
                  00001318    000000f4                   : sysctl.obj (.text:SysCtlClockSet)
                  0000140c    0000009c     rtsv7M4_T_le_v4SPD16_eabi.lib : memcpy_t2.obj (.text)
                  000014a8    0000007a                                   : memset_t2.obj (.text)
                  00001522    00000002                                   : i_div0.obj (.text)
                  00001524    00000070                                   : autoinit.obj (.text)
                  00001594    00000068     driverlib.lib : interrupt.obj (.text:IntEnable)
                  000015fc    00000068     rtsv7M4_T_le_v4SPD16_eabi.lib : copy_decompress_lzss.obj (.text:decompress:lzss)
                  00001664    00000060     driverlib.lib : timer.obj (.text:TimerConfigure)
                  000016c4    00000054     rtsv7M4_T_le_v4SPD16_eabi.lib : boot.obj (.text)
                  00001718    00000054                                   : exit.obj (.text)
                  0000176c    0000004c     driverlib.lib : timer.obj (.text:_TimerIntNumberGet)
                  000017b8    0000004c     rtsv7M4_T_le_v4SPD16_eabi.lib : cpy_tbl.obj (.text)
                  00001804    00000048     driverlib.lib : gpio.obj (.text:GPIOPinConfigure)
                  0000184c    00000048     rtsv7M4_T_le_v4SPD16_eabi.lib : fd_toi_t2.obj (.text)
                  00001894    00000046     driverlib.lib : uart.obj (.text:UARTConfigSetExpClk)
                  000018da    00000002     rtsv7M4_T_le_v4SPD16_eabi.lib : mpu_init.obj (.text)
                  000018dc    00000040     driverlib.lib : uart.obj (.text:_UARTIntNumberGet)
                  0000191c    00000040     rtsv7M4_T_le_v4SPD16_eabi.lib : u_divt2.obj (.text)
                  0000195c    00000038     driverlib.lib : sysctl.obj (.text:SysCtlPeripheralPresent)
                  00001994    00000038                   : sysctl.obj (.text:SysCtlPeripheralReady)
                  000019cc    00000034                   : interrupt.obj (.text:IntRegister)
                  00001a00    00000034                   : sysctl.obj (.text:SysCtlPeripheralEnable)
                  00001a34    00000030     bee.obj (.text)
                  00001a64    0000002e     rtsv7M4_T_le_v4SPD16_eabi.lib : i_tofd_t2.obj (.text)
                  00001a92    0000002a     driverlib.lib : gpio.obj (.text:GPIODirModeSet)
                  00001abc    00000024                   : interrupt.obj (.text:IntPrioritySet)
                  00001ae0    00000022                   : pwm.obj (.text:PWMGenConfigure)
                  00001b02    00000002     rtsv7M4_T_le_v4SPD16_eabi.lib : startup.obj (.text)
                  00001b04    00000020     driverlib.lib : uart.obj (.text:UARTDisable)
                  00001b24    0000001e                   : pwm.obj (.text:PWMPulseWidthSet)
                  00001b42    00000018                   : gpio.obj (.text:GPIOPinTypeGPIOOutput)
                  00001b5a    00000018                   : timer.obj (.text:TimerIntRegister)
                  00001b72    00000018                   : uart.obj (.text:UARTIntRegister)
                  00001b8a    00000002     --HOLE-- [fill = 0]
                  00001b8c    00000018     rtsv7M4_T_le_v4SPD16_eabi.lib : args_main.obj (.text)
                  00001ba4    00000014     driverlib.lib : sysctl.obj (.text:SysCtlPWMClockSet)
                  00001bb8    00000014                   : uart.obj (.text:UARTEnable)
                  00001bcc    00000014     rtsv7M4_T_le_v4SPD16_eabi.lib : _lock.obj (.text)
                  00001be0    00000012     driverlib.lib : gpio.obj (.text:GPIOPinTypePWM)
                  00001bf2    00000012                   : gpio.obj (.text:GPIOPinTypeUART)
                  00001c04    00000012                   : pwm.obj (.text:PWMOutputState)
                  00001c16    00000012                   : timer.obj (.text:TimerLoadSet)
                  00001c28    00000010                   : fpu.obj (.text:FPUEnable)
                  00001c38    00000010                   : fpu.obj (.text:FPULazyStackingEnable)
                  00001c48    00000010                   : interrupt.obj (.text:IntMasterDisable)
                  00001c58    00000010                   : interrupt.obj (.text:IntMasterEnable)
                  00001c68    00000010                   : pwm.obj (.text:PWMGenPeriodSet)
                  00001c78    0000000e                   : timer.obj (.text:TimerEnable)
                  00001c86    0000000e                   : uart.obj (.text:UARTCharGetNonBlocking)
                  00001c94    0000000e                   : uart.obj (.text:UARTCharPutNonBlocking)
                  00001ca2    0000000e                   : uart.obj (.text:UARTCharsAvail)
                  00001cb0    0000000e     rtsv7M4_T_le_v4SPD16_eabi.lib : copy_decompress_none.obj (.text:decompress:none)
                  00001cbe    0000000c     driverlib.lib : cpu.obj (.text:CPUcpsid)
                  00001cca    0000000c                   : cpu.obj (.text:CPUcpsie)
                  00001cd6    0000000c                   : pwm.obj (.text:PWMGenEnable)
                  00001ce2    0000000c     rtsv7M4_T_le_v4SPD16_eabi.lib : copy_zero_init.obj (.text:decompress:ZI)
                  00001cee    0000000c     tm4c123gh6pm_startup_ccs.obj (.text)
                  00001cfa    0000000a     driverlib.lib : uart.obj (.text:UARTCharGet)
                  00001d04    0000000a                   : uart.obj (.text:UARTCharPut)
                  00001d0e    0000000a                   : uart.obj (.text:UARTFIFOEnable)
                  00001d18    0000000a                   : uart.obj (.text:UARTIntStatus)
                  00001d22    00000008                   : timer.obj (.text:TimerIntEnable)
                  00001d2a    00000008                   : uart.obj (.text:UARTIntEnable)
                  00001d32    00000006                   : gpio.obj (.text:GPIOPinWrite)
                  00001d38    00000006                   : sysctl.obj (.text:SysCtlDelay)
                  00001d3e    00000006                   : uart.obj (.text:UARTClockSourceSet)
                  00001d44    00000006                   : uart.obj (.text:UARTFIFOLevelSet)
                  00001d4a    00000004                   : timer.obj (.text:TimerIntClear)
                  00001d4e    00000004                   : uart.obj (.text:UARTIntClear)
                  00001d52    00000004     rtsv7M4_T_le_v4SPD16_eabi.lib : pre_init.obj (.text)

.const     0    00001d58    00000358     
                  00001d58    0000009c     driverlib.lib : interrupt.obj (.const:g_pui32Regs)
                  00001df4    00000090                   : gpio.obj (.const:g_pui32GPIOBaseAddrs)
                  00001e84    00000070                   : interrupt.obj (.const)
                  00001ef4    0000006c                   : sysctl.obj (.const:g_pui32Xtals)
                  00001f60    00000060                   : timer.obj (.const:g_ppui32TimerIntMap)
                  00001fc0    00000040                   : timer.obj (.const:g_ppui32TimerIntMapSnowflake)
                  00002000    00000040                   : uart.obj (.const:g_ppui32UARTIntMap)
                  00002040    00000040                   : uart.obj (.const:g_ppui32UARTIntMapSnowflake)
                  00002080    00000012     uartstdio.obj (.const:.string)
                  00002092    00000002     --HOLE-- [fill = 0]
                  00002094    0000000c     uartstdio.obj (.const:g_ui32UARTBase)
                  000020a0    0000000c     uartstdio.obj (.const:g_ui32UARTPeriph)
                  000020ac    00000004     uartstdio.obj (.const)

.cinit     0    000020b0    00000040     
                  000020b0    0000001a     (.cinit..data.load) [load image, compression = lzss]
                  000020ca    00000002     --HOLE-- [fill = 0]
                  000020cc    0000000c     (__TI_handler_table)
                  000020d8    00000008     (.cinit..vtable.load) [load image, compression = zero_init]
                  000020e0    00000010     (__TI_cinit_table)

.init_array 
*          0    00000000    00000000     UNINITIALIZED

.vtable    0    20000000    0000026c     UNINITIALIZED
                  20000000    0000026c     driverlib.lib : interrupt.obj (.vtable)

.stack     0    2000026c    00000200     UNINITIALIZED
                  2000026c    00000200     --HOLE--

.data      0    2000046c    00000040     UNINITIALIZED
                  2000046c    0000000c     rtsv7M4_T_le_v4SPD16_eabi.lib : exit.obj (.data:$O1$$)
                  20000478    0000000c     motor_ctl.obj (.data)
                  20000484    0000000a     main.obj (.data)
                  2000048e    00000001     bee.obj (.data)
                  2000048f    00000001     radio.obj (.data)
                  20000490    00000008     rtsv7M4_T_le_v4SPD16_eabi.lib : _lock.obj (.data:$O1$$)
                  20000498    00000008     main.obj (.data:receive_buffer)
                  200004a0    00000005     uartstdio.obj (.data)
                  200004a5    00000003     --HOLE--
                  200004a8    00000004     rtsv7M4_T_le_v4SPD16_eabi.lib : stkdepth_vars.obj (.data)

MODULE SUMMARY

       Module                         code   ro data   rw data
       ------                         ----   -------   -------
    .\
       uartstdio.obj                  1180   46        5      
       tm4c123gh6pm_startup_ccs.obj   12     620       0      
       main.obj                       444    0         18     
    +--+------------------------------+------+---------+---------+
       Total:                         1636   666       23     
                                                              
    .\bee\
       bee.obj                        48     0         1      
    +--+------------------------------+------+---------+---------+
       Total:                         48     0         1      
                                                              
    .\motor_ctl\
       motor_ctl.obj                  1108   0         12     
    +--+------------------------------+------+---------+---------+
       Total:                         1108   0         12     
                                                              
    .\radio\
       radio.obj                      520    0         1      
    +--+------------------------------+------+---------+---------+
       Total:                         520    0         1      
                                                              
    C:/ti/TivaWare_C_Series-2.1.2.111/driverlib/ccs/Debug/driverlib.lib
       interrupt.obj                  224    268       620    
       sysctl.obj                     706    108       0      
       gpio.obj                       486    144       0      
       uart.obj                       316    128       0      
       timer.obj                      240    160       0      
       pwm.obj                        110    0         0      
       fpu.obj                        32     0         0      
       cpu.obj                        24     0         0      
    +--+------------------------------+------+---------+---------+
       Total:                         2138   808       620    
                                                              
    C:\ti\ccsv7\tools\compiler\ti-cgt-arm_16.9.0.LTS\lib\rtsv7M4_T_le_v4SPD16_eabi.lib
       fd_add_t2.obj                  438    0         0      
       memcpy_t2.obj                  156    0         0      
       memset_t2.obj                  122    0         0      
       autoinit.obj                   112    0         0      
       copy_decompress_lzss.obj       104    0         0      
       exit.obj                       84     0         12     
       boot.obj                       84     0         0      
       cpy_tbl.obj                    76     0         0      
       fd_toi_t2.obj                  72     0         0      
       u_divt2.obj                    64     0         0      
       i_tofd_t2.obj                  46     0         0      
       _lock.obj                      20     0         8      
       args_main.obj                  24     0         0      
       copy_decompress_none.obj       14     0         0      
       copy_zero_init.obj             12     0         0      
       pre_init.obj                   4      0         0      
       stkdepth_vars.obj              0      0         4      
       i_div0.obj                     2      0         0      
       mpu_init.obj                   2      0         0      
       startup.obj                    2      0         0      
    +--+------------------------------+------+---------+---------+
       Total:                         1438   0         24     
                                                              
       Stack:                         0      0         512    
       Linker Generated:              0      62        0      
    +--+------------------------------+------+---------+---------+
       Grand Total:                   6888   1536      1193   


LINKER GENERATED COPY TABLES

__TI_cinit_table @ 000020e0 records: 2, size/record: 8, table size: 16
	.data: load addr=000020b0, load size=0000001a bytes, run addr=2000046c, run size=00000040 bytes, compression=lzss
	.vtable: load addr=000020d8, load size=00000008 bytes, run addr=20000000, run size=0000026c bytes, compression=zero_init


LINKER GENERATED HANDLER TABLE

__TI_handler_table @ 000020cc records: 3, size/record: 4, table size: 12
	index: 0, handler: __TI_zero_init
	index: 1, handler: __TI_decompress_lzss
	index: 2, handler: __TI_decompress_none


GLOBAL SYMBOLS: SORTED ALPHABETICALLY BY Name 

address   name                           
-------   ----                           
20000484  ADCDataReadyFlag               
00001719  C$$EXIT                        
00001cbf  CPUcpsid                       
00001ccb  CPUcpsie                       
00000e5b  ConfigureUART                  
00001c29  FPUEnable                      
00001c39  FPULazyStackingEnable          
00001a93  GPIODirModeSet                 
000010d7  GPIOPadConfigSet               
00001805  GPIOPinConfigure               
00001b43  GPIOPinTypeGPIOOutput          
00001be1  GPIOPinTypePWM                 
00001bf3  GPIOPinTypeUART                
00001d33  GPIOPinWrite                   
00001595  IntEnable                      
00001c49  IntMasterDisable               
00001c59  IntMasterEnable                
00001abd  IntPrioritySet                 
000019cd  IntRegister                    
00001ae1  PWMGenConfigure                
00001cd7  PWMGenEnable                   
00001c69  PWMGenPeriodSet                
00001c05  PWMOutputState                 
00001b25  PWMPulseWidthSet               
00001cef  ResetISR                       
UNDEFED   SHT$$INIT_ARRAY$$Base          
UNDEFED   SHT$$INIT_ARRAY$$Limit         
00001209  SysCtlClockGet                 
00001319  SysCtlClockSet                 
00001d39  SysCtlDelay                    
00001ba5  SysCtlPWMClockSet              
00001a01  SysCtlPeripheralEnable         
0000195d  SysCtlPeripheralPresent        
00001995  SysCtlPeripheralReady          
00001665  TimerConfigure                 
00001c79  TimerEnable                    
00001d4b  TimerIntClear                  
00001d23  TimerIntEnable                 
00001b5b  TimerIntRegister               
00001c17  TimerLoadSet                   
00001cfb  UARTCharGet                    
00001c87  UARTCharGetNonBlocking         
00001d05  UARTCharPut                    
00001c95  UARTCharPutNonBlocking         
00001ca3  UARTCharsAvail                 
00001d3f  UARTClockSourceSet             
00001895  UARTConfigSetExpClk            
00001b05  UARTDisable                    
00001bb9  UARTEnable                     
00001d0f  UARTFIFOEnable                 
00001d45  UARTFIFOLevelSet               
00001d4f  UARTIntClear                   
00001d2b  UARTIntEnable                  
00001b73  UARTIntRegister                
00001d19  UARTIntStatus                  
0000026d  UARTStdioConfig                
000003b3  UARTgetc                       
000002f9  UARTgets                       
000006d3  UARTprintf                     
000003d9  UARTvprintf                    
000002b3  UARTwrite                      
2000046c  __STACK_END                    
00000200  __STACK_SIZE                   
2000046c  __STACK_TOP                    
000020e0  __TI_CINIT_Base                
000020f0  __TI_CINIT_Limit               
000020cc  __TI_Handler_Table_Base        
000020d8  __TI_Handler_Table_Limit       
00001525  __TI_auto_init                 
2000046c  __TI_cleanup_ptr               
000015fd  __TI_decompress_lzss           
00001cb1  __TI_decompress_none           
20000470  __TI_dtors_ptr                 
20000474  __TI_enable_exit_profile_output
ffffffff  __TI_pprof_out_hndl            
ffffffff  __TI_prof_data_size            
ffffffff  __TI_prof_data_start           
00000000  __TI_static_base__             
00001ce3  __TI_zero_init                 
0000184d  __aeabi_d2iz                   
00000f2b  __aeabi_dadd                   
00000f21  __aeabi_dsub                   
00001a65  __aeabi_i2d                    
00001523  __aeabi_idiv0                  
000014a9  __aeabi_memclr                 
000014a9  __aeabi_memclr4                
000014a9  __aeabi_memclr8                
0000140d  __aeabi_memcpy                 
0000140d  __aeabi_memcpy4                
0000140d  __aeabi_memcpy8                
000014ab  __aeabi_memset                 
000014ab  __aeabi_memset4                
000014ab  __aeabi_memset8                
0000191d  __aeabi_uidiv                  
0000191d  __aeabi_uidivmod               
ffffffff  __binit__                      
ffffffff  __c_args__                     
000018db  __mpu_init                     
2000026c  __stack                        
00001b8d  _args_main                     
000016c5  _c_int00                       
20000490  _lock                          
00001bdb  _nop                           
00001bd3  _register_lock                 
00001bcd  _register_unlock               
00001b03  _system_post_cinit             
00001d53  _system_pre_init               
20000494  _unlock                        
0000171d  abort                          
00001a35  bee_init                       
00001a4f  bee_off                        
00001a47  bee_on                         
2000048e  bee_switch                     
ffffffff  binit                          
000009d1  car_driver                     
20000485  command                        
2000048a  command_end                    
20000488  command_last                   
20000486  command_number                 
000017b9  copy_in                        
2000048f  data_complete_flag             
00000dc1  delayms                        
00001725  exit                           
20000000  g_pfnRAMVectors                
00000000  g_pfnVectors                   
00000deb  main                           
200004a8  main_func_sp                   
0000140d  memcpy                         
000014b1  memset                         
0000084b  motor_Control                  
00000709  motor_Init                     
00000b13  motor_set_speed                
00000d05  radio_Init                     
20000498  receive_buffer                 
00000e97  timer0_Configure               
00000d65  timer0_IntHandler              


GLOBAL SYMBOLS: SORTED BY Symbol Address 

address   name                           
-------   ----                           
00000000  __TI_static_base__             
00000000  g_pfnVectors                   
00000200  __STACK_SIZE                   
0000026d  UARTStdioConfig                
000002b3  UARTwrite                      
000002f9  UARTgets                       
000003b3  UARTgetc                       
000003d9  UARTvprintf                    
000006d3  UARTprintf                     
00000709  motor_Init                     
0000084b  motor_Control                  
000009d1  car_driver                     
00000b13  motor_set_speed                
00000d05  radio_Init                     
00000d65  timer0_IntHandler              
00000dc1  delayms                        
00000deb  main                           
00000e5b  ConfigureUART                  
00000e97  timer0_Configure               
00000f21  __aeabi_dsub                   
00000f2b  __aeabi_dadd                   
000010d7  GPIOPadConfigSet               
00001209  SysCtlClockGet                 
00001319  SysCtlClockSet                 
0000140d  __aeabi_memcpy                 
0000140d  __aeabi_memcpy4                
0000140d  __aeabi_memcpy8                
0000140d  memcpy                         
000014a9  __aeabi_memclr                 
000014a9  __aeabi_memclr4                
000014a9  __aeabi_memclr8                
000014ab  __aeabi_memset                 
000014ab  __aeabi_memset4                
000014ab  __aeabi_memset8                
000014b1  memset                         
00001523  __aeabi_idiv0                  
00001525  __TI_auto_init                 
00001595  IntEnable                      
000015fd  __TI_decompress_lzss           
00001665  TimerConfigure                 
000016c5  _c_int00                       
00001719  C$$EXIT                        
0000171d  abort                          
00001725  exit                           
000017b9  copy_in                        
00001805  GPIOPinConfigure               
0000184d  __aeabi_d2iz                   
00001895  UARTConfigSetExpClk            
000018db  __mpu_init                     
0000191d  __aeabi_uidiv                  
0000191d  __aeabi_uidivmod               
0000195d  SysCtlPeripheralPresent        
00001995  SysCtlPeripheralReady          
000019cd  IntRegister                    
00001a01  SysCtlPeripheralEnable         
00001a35  bee_init                       
00001a47  bee_on                         
00001a4f  bee_off                        
00001a65  __aeabi_i2d                    
00001a93  GPIODirModeSet                 
00001abd  IntPrioritySet                 
00001ae1  PWMGenConfigure                
00001b03  _system_post_cinit             
00001b05  UARTDisable                    
00001b25  PWMPulseWidthSet               
00001b43  GPIOPinTypeGPIOOutput          
00001b5b  TimerIntRegister               
00001b73  UARTIntRegister                
00001b8d  _args_main                     
00001ba5  SysCtlPWMClockSet              
00001bb9  UARTEnable                     
00001bcd  _register_unlock               
00001bd3  _register_lock                 
00001bdb  _nop                           
00001be1  GPIOPinTypePWM                 
00001bf3  GPIOPinTypeUART                
00001c05  PWMOutputState                 
00001c17  TimerLoadSet                   
00001c29  FPUEnable                      
00001c39  FPULazyStackingEnable          
00001c49  IntMasterDisable               
00001c59  IntMasterEnable                
00001c69  PWMGenPeriodSet                
00001c79  TimerEnable                    
00001c87  UARTCharGetNonBlocking         
00001c95  UARTCharPutNonBlocking         
00001ca3  UARTCharsAvail                 
00001cb1  __TI_decompress_none           
00001cbf  CPUcpsid                       
00001ccb  CPUcpsie                       
00001cd7  PWMGenEnable                   
00001ce3  __TI_zero_init                 
00001cef  ResetISR                       
00001cfb  UARTCharGet                    
00001d05  UARTCharPut                    
00001d0f  UARTFIFOEnable                 
00001d19  UARTIntStatus                  
00001d23  TimerIntEnable                 
00001d2b  UARTIntEnable                  
00001d33  GPIOPinWrite                   
00001d39  SysCtlDelay                    
00001d3f  UARTClockSourceSet             
00001d45  UARTFIFOLevelSet               
00001d4b  TimerIntClear                  
00001d4f  UARTIntClear                   
00001d53  _system_pre_init               
000020cc  __TI_Handler_Table_Base        
000020d8  __TI_Handler_Table_Limit       
000020e0  __TI_CINIT_Base                
000020f0  __TI_CINIT_Limit               
20000000  g_pfnRAMVectors                
2000026c  __stack                        
2000046c  __STACK_END                    
2000046c  __STACK_TOP                    
2000046c  __TI_cleanup_ptr               
20000470  __TI_dtors_ptr                 
20000474  __TI_enable_exit_profile_output
20000484  ADCDataReadyFlag               
20000485  command                        
20000486  command_number                 
20000488  command_last                   
2000048a  command_end                    
2000048e  bee_switch                     
2000048f  data_complete_flag             
20000490  _lock                          
20000494  _unlock                        
20000498  receive_buffer                 
200004a8  main_func_sp                   
ffffffff  __TI_pprof_out_hndl            
ffffffff  __TI_prof_data_size            
ffffffff  __TI_prof_data_start           
ffffffff  __binit__                      
ffffffff  __c_args__                     
ffffffff  binit                          
UNDEFED   SHT$$INIT_ARRAY$$Base          
UNDEFED   SHT$$INIT_ARRAY$$Limit         

[136 symbols]
