******************************************************************************
                  TI ARM Linker PC v16.9.0                     
******************************************************************************
>> Linked Thu Aug 10 20:41:20 2017

OUTPUT FILE NAME:   <car_radio_echo.out>
ENTRY POINT SYMBOL: "_c_int00"  address: 00001399


MEMORY CONFIGURATION

         name            origin    length      used     unused   attr    fill
----------------------  --------  ---------  --------  --------  ----  --------
  FLASH                 00000000   00040000  00001d10  0003e2f0  R  X
  SRAM                  20000000   00008000  000004a8  00007b58  RW X


SEGMENT ALLOCATION MAP

run origin  load origin   length   init length attrs members
----------  ----------- ---------- ----------- ----- -------
00000000    00000000    00001d10   00001d10    r-x
  00000000    00000000    0000026c   0000026c    r-- .intvecs
  0000026c    0000026c    0000170c   0000170c    r-x .text
  00001978    00001978    00000358   00000358    r-- .const
  00001cd0    00001cd0    00000040   00000040    r-- .cinit
20000000    20000000    000004a8   00000000    rw-
  20000000    20000000    0000026c   00000000    rw- .vtable
  2000026c    2000026c    00000200   00000000    rw- .stack
  2000046c    2000046c    0000003c   00000000    rw- .data


SECTION ALLOCATION MAP

 output                                  attributes/
section   page    origin      length       input sections
--------  ----  ----------  ----------   ----------------
.intvecs   0    00000000    0000026c     
                  00000000    0000026c     tm4c123gh6pm_startup_ccs.obj (.intvecs)

.text      0    0000026c    0000170c     
                  0000026c    0000049c     uartstdio.obj (.text)
                  00000708    00000368     motor_ctl.obj (.text)
                  00000a70    0000023c     main.obj (.text)
                  00000cac    00000132     driverlib.lib : gpio.obj (.text:GPIOPadConfigSet)
                  00000dde    00000002     rtsv7M4_T_le_v4SPD16_eabi.lib : i_div0.obj (.text)
                  00000de0    00000110     driverlib.lib : sysctl.obj (.text:SysCtlClockGet)
                  00000ef0    000000fc     radio.obj (.text)
                  00000fec    000000f4     driverlib.lib : sysctl.obj (.text:SysCtlClockSet)
                  000010e0    0000009c     rtsv7M4_T_le_v4SPD16_eabi.lib : memcpy_t2.obj (.text)
                  0000117c    0000007a                                   : memset_t2.obj (.text)
                  000011f6    00000002                                   : mpu_init.obj (.text)
                  000011f8    00000070                                   : autoinit.obj (.text)
                  00001268    00000068     driverlib.lib : interrupt.obj (.text:IntEnable)
                  000012d0    00000068     rtsv7M4_T_le_v4SPD16_eabi.lib : copy_decompress_lzss.obj (.text:decompress:lzss)
                  00001338    00000060     driverlib.lib : timer.obj (.text:TimerConfigure)
                  00001398    00000054     rtsv7M4_T_le_v4SPD16_eabi.lib : boot.obj (.text)
                  000013ec    00000054                                   : exit.obj (.text)
                  00001440    0000004c     driverlib.lib : timer.obj (.text:_TimerIntNumberGet)
                  0000148c    0000004c     rtsv7M4_T_le_v4SPD16_eabi.lib : cpy_tbl.obj (.text)
                  000014d8    00000048     driverlib.lib : gpio.obj (.text:GPIOPinConfigure)
                  00001520    00000046                   : uart.obj (.text:UARTConfigSetExpClk)
                  00001566    00000002     rtsv7M4_T_le_v4SPD16_eabi.lib : startup.obj (.text)
                  00001568    00000040     driverlib.lib : uart.obj (.text:_UARTIntNumberGet)
                  000015a8    00000040     rtsv7M4_T_le_v4SPD16_eabi.lib : u_divt2.obj (.text)
                  000015e8    00000038     driverlib.lib : sysctl.obj (.text:SysCtlPeripheralPresent)
                  00001620    00000038                   : sysctl.obj (.text:SysCtlPeripheralReady)
                  00001658    00000034                   : interrupt.obj (.text:IntRegister)
                  0000168c    00000034                   : sysctl.obj (.text:SysCtlPeripheralEnable)
                  000016c0    0000002a                   : gpio.obj (.text:GPIODirModeSet)
                  000016ea    00000002     --HOLE-- [fill = 0]
                  000016ec    00000024                   : interrupt.obj (.text:IntPrioritySet)
                  00001710    00000022                   : pwm.obj (.text:PWMGenConfigure)
                  00001732    00000002     --HOLE-- [fill = 0]
                  00001734    00000020                   : uart.obj (.text:UARTDisable)
                  00001754    0000001e                   : pwm.obj (.text:PWMPulseWidthSet)
                  00001772    00000018                   : gpio.obj (.text:GPIOPinTypeGPIOOutput)
                  0000178a    00000018                   : timer.obj (.text:TimerIntRegister)
                  000017a2    00000018                   : uart.obj (.text:UARTIntRegister)
                  000017ba    00000002     --HOLE-- [fill = 0]
                  000017bc    00000018     rtsv7M4_T_le_v4SPD16_eabi.lib : args_main.obj (.text)
                  000017d4    00000014     driverlib.lib : sysctl.obj (.text:SysCtlPWMClockSet)
                  000017e8    00000014                   : uart.obj (.text:UARTEnable)
                  000017fc    00000014     rtsv7M4_T_le_v4SPD16_eabi.lib : _lock.obj (.text)
                  00001810    00000012     driverlib.lib : gpio.obj (.text:GPIOPinTypePWM)
                  00001822    00000012                   : gpio.obj (.text:GPIOPinTypeUART)
                  00001834    00000012                   : pwm.obj (.text:PWMOutputState)
                  00001846    00000012                   : timer.obj (.text:TimerLoadSet)
                  00001858    00000010                   : fpu.obj (.text:FPUEnable)
                  00001868    00000010                   : fpu.obj (.text:FPULazyStackingEnable)
                  00001878    00000010                   : interrupt.obj (.text:IntMasterDisable)
                  00001888    00000010                   : interrupt.obj (.text:IntMasterEnable)
                  00001898    00000010                   : pwm.obj (.text:PWMGenPeriodSet)
                  000018a8    0000000e                   : timer.obj (.text:TimerEnable)
                  000018b6    0000000e                   : uart.obj (.text:UARTCharGetNonBlocking)
                  000018c4    0000000e                   : uart.obj (.text:UARTCharsAvail)
                  000018d2    0000000e     rtsv7M4_T_le_v4SPD16_eabi.lib : copy_decompress_none.obj (.text:decompress:none)
                  000018e0    0000000c     driverlib.lib : cpu.obj (.text:CPUcpsid)
                  000018ec    0000000c                   : cpu.obj (.text:CPUcpsie)
                  000018f8    0000000c                   : pwm.obj (.text:PWMGenEnable)
                  00001904    0000000c     rtsv7M4_T_le_v4SPD16_eabi.lib : copy_zero_init.obj (.text:decompress:ZI)
                  00001910    0000000c     tm4c123gh6pm_startup_ccs.obj (.text)
                  0000191c    0000000a     driverlib.lib : uart.obj (.text:UARTCharGet)
                  00001926    0000000a                   : uart.obj (.text:UARTCharPut)
                  00001930    0000000a                   : uart.obj (.text:UARTFIFOEnable)
                  0000193a    0000000a                   : uart.obj (.text:UARTIntStatus)
                  00001944    00000008                   : timer.obj (.text:TimerIntEnable)
                  0000194c    00000008                   : uart.obj (.text:UARTIntEnable)
                  00001954    00000006                   : gpio.obj (.text:GPIOPinWrite)
                  0000195a    00000006                   : sysctl.obj (.text:SysCtlDelay)
                  00001960    00000006                   : uart.obj (.text:UARTClockSourceSet)
                  00001966    00000006                   : uart.obj (.text:UARTFIFOLevelSet)
                  0000196c    00000004                   : timer.obj (.text:TimerIntClear)
                  00001970    00000004                   : uart.obj (.text:UARTIntClear)
                  00001974    00000004     rtsv7M4_T_le_v4SPD16_eabi.lib : pre_init.obj (.text)

.const     0    00001978    00000358     
                  00001978    0000009c     driverlib.lib : interrupt.obj (.const:g_pui32Regs)
                  00001a14    00000090                   : gpio.obj (.const:g_pui32GPIOBaseAddrs)
                  00001aa4    00000070                   : interrupt.obj (.const)
                  00001b14    0000006c                   : sysctl.obj (.const:g_pui32Xtals)
                  00001b80    00000060                   : timer.obj (.const:g_ppui32TimerIntMap)
                  00001be0    00000040                   : timer.obj (.const:g_ppui32TimerIntMapSnowflake)
                  00001c20    00000040                   : uart.obj (.const:g_ppui32UARTIntMap)
                  00001c60    00000040                   : uart.obj (.const:g_ppui32UARTIntMapSnowflake)
                  00001ca0    00000012     uartstdio.obj (.const:.string)
                  00001cb2    00000002     --HOLE-- [fill = 0]
                  00001cb4    0000000c     uartstdio.obj (.const:g_ui32UARTBase)
                  00001cc0    0000000c     uartstdio.obj (.const:g_ui32UARTPeriph)
                  00001ccc    00000004     uartstdio.obj (.const)

.cinit     0    00001cd0    00000040     
                  00001cd0    0000001c     (.cinit..data.load) [load image, compression = lzss]
                  00001cec    0000000c     (__TI_handler_table)
                  00001cf8    00000008     (.cinit..vtable.load) [load image, compression = zero_init]
                  00001d00    00000010     (__TI_cinit_table)

.init_array 
*          0    00000000    00000000     UNINITIALIZED

.vtable    0    20000000    0000026c     UNINITIALIZED
                  20000000    0000026c     driverlib.lib : interrupt.obj (.vtable)

.stack     0    2000026c    00000200     UNINITIALIZED
                  2000026c    00000200     --HOLE--

.data      0    2000046c    0000003c     UNINITIALIZED
                  2000046c    0000000c     rtsv7M4_T_le_v4SPD16_eabi.lib : exit.obj (.data:$O1$$)
                  20000478    00000008                                   : _lock.obj (.data:$O1$$)
                  20000480    00000008     motor_ctl.obj (.data)
                  20000488    00000008     radio.obj (.data:receive_buffer)
                  20000490    00000006     main.obj (.data)
                  20000496    00000006     radio.obj (.data)
                  2000049c    00000005     uartstdio.obj (.data)
                  200004a1    00000003     --HOLE--
                  200004a4    00000004     rtsv7M4_T_le_v4SPD16_eabi.lib : stkdepth_vars.obj (.data)

MODULE SUMMARY

       Module                         code   ro data   rw data
       ------                         ----   -------   -------
    .\
       uartstdio.obj                  1180   46        5      
       tm4c123gh6pm_startup_ccs.obj   12     620       0      
       main.obj                       572    0         6      
    +--+------------------------------+------+---------+---------+
       Total:                         1764   666       11     
                                                              
    .\motor_ctl\
       motor_ctl.obj                  872    0         8      
    +--+------------------------------+------+---------+---------+
       Total:                         872    0         8      
                                                              
    .\radio\
       radio.obj                      252    0         14     
    +--+------------------------------+------+---------+---------+
       Total:                         252    0         14     
                                                              
    C:/ti/TivaWare_C_Series-2.1.2.111/driverlib/ccs/Debug/driverlib.lib
       interrupt.obj                  224    268       620    
       sysctl.obj                     706    108       0      
       gpio.obj                       486    144       0      
       uart.obj                       302    128       0      
       timer.obj                      240    160       0      
       pwm.obj                        110    0         0      
       fpu.obj                        32     0         0      
       cpu.obj                        24     0         0      
    +--+------------------------------+------+---------+---------+
       Total:                         2124   808       620    
                                                              
    C:\ti\ccsv7\tools\compiler\ti-cgt-arm_16.9.0.LTS\lib\rtsv7M4_T_le_v4SPD16_eabi.lib
       memcpy_t2.obj                  156    0         0      
       memset_t2.obj                  122    0         0      
       autoinit.obj                   112    0         0      
       copy_decompress_lzss.obj       104    0         0      
       exit.obj                       84     0         12     
       boot.obj                       84     0         0      
       cpy_tbl.obj                    76     0         0      
       u_divt2.obj                    64     0         0      
       _lock.obj                      20     0         8      
       args_main.obj                  24     0         0      
       copy_decompress_none.obj       14     0         0      
       copy_zero_init.obj             12     0         0      
       pre_init.obj                   4      0         0      
       stkdepth_vars.obj              0      0         4      
       i_div0.obj                     2      0         0      
       mpu_init.obj                   2      0         0      
       startup.obj                    2      0         0      
    +--+------------------------------+------+---------+---------+
       Total:                         882    0         24     
                                                              
       Stack:                         0      0         512    
       Linker Generated:              0      64        0      
    +--+------------------------------+------+---------+---------+
       Grand Total:                   5894   1538      1189   


LINKER GENERATED COPY TABLES

__TI_cinit_table @ 00001d00 records: 2, size/record: 8, table size: 16
	.data: load addr=00001cd0, load size=0000001c bytes, run addr=2000046c, run size=0000003c bytes, compression=lzss
	.vtable: load addr=00001cf8, load size=00000008 bytes, run addr=20000000, run size=0000026c bytes, compression=zero_init


LINKER GENERATED HANDLER TABLE

__TI_handler_table @ 00001cec records: 3, size/record: 4, table size: 12
	index: 0, handler: __TI_zero_init
	index: 1, handler: __TI_decompress_lzss
	index: 2, handler: __TI_decompress_none


GLOBAL SYMBOLS: SORTED ALPHABETICALLY BY Name 

address   name                           
-------   ----                           
20000490  ADCDataReadyFlag               
000013ed  C$$EXIT                        
000018e1  CPUcpsid                       
000018ed  CPUcpsie                       
00000bd9  ConfigureUART                  
00001859  FPUEnable                      
00001869  FPULazyStackingEnable          
000016c1  GPIODirModeSet                 
00000cad  GPIOPadConfigSet               
000014d9  GPIOPinConfigure               
00001773  GPIOPinTypeGPIOOutput          
00001811  GPIOPinTypePWM                 
00001823  GPIOPinTypeUART                
00001955  GPIOPinWrite                   
00001269  IntEnable                      
00001879  IntMasterDisable               
00001889  IntMasterEnable                
000016ed  IntPrioritySet                 
00001659  IntRegister                    
00001711  PWMGenConfigure                
000018f9  PWMGenEnable                   
00001899  PWMGenPeriodSet                
00001835  PWMOutputState                 
00001755  PWMPulseWidthSet               
00001911  ResetISR                       
UNDEFED   SHT$$INIT_ARRAY$$Base          
UNDEFED   SHT$$INIT_ARRAY$$Limit         
00000de1  SysCtlClockGet                 
00000fed  SysCtlClockSet                 
0000195b  SysCtlDelay                    
000017d5  SysCtlPWMClockSet              
0000168d  SysCtlPeripheralEnable         
000015e9  SysCtlPeripheralPresent        
00001621  SysCtlPeripheralReady          
00001339  TimerConfigure                 
000018a9  TimerEnable                    
0000196d  TimerIntClear                  
00001945  TimerIntEnable                 
0000178b  TimerIntRegister               
00001847  TimerLoadSet                   
0000191d  UARTCharGet                    
000018b7  UARTCharGetNonBlocking         
00001927  UARTCharPut                    
000018c5  UARTCharsAvail                 
00001961  UARTClockSourceSet             
00001521  UARTConfigSetExpClk            
00001735  UARTDisable                    
000017e9  UARTEnable                     
00001931  UARTFIFOEnable                 
00001967  UARTFIFOLevelSet               
00001971  UARTIntClear                   
0000194d  UARTIntEnable                  
000017a3  UARTIntRegister                
0000193b  UARTIntStatus                  
0000026d  UARTStdioConfig                
000003b3  UARTgetc                       
000002f9  UARTgets                       
000006d3  UARTprintf                     
000003d9  UARTvprintf                    
000002b3  UARTwrite                      
2000046c  __STACK_END                    
00000200  __STACK_SIZE                   
2000046c  __STACK_TOP                    
00001d00  __TI_CINIT_Base                
00001d10  __TI_CINIT_Limit               
00001cec  __TI_Handler_Table_Base        
00001cf8  __TI_Handler_Table_Limit       
000011f9  __TI_auto_init                 
2000046c  __TI_cleanup_ptr               
000012d1  __TI_decompress_lzss           
000018d3  __TI_decompress_none           
20000470  __TI_dtors_ptr                 
20000474  __TI_enable_exit_profile_output
ffffffff  __TI_pprof_out_hndl            
ffffffff  __TI_prof_data_size            
ffffffff  __TI_prof_data_start           
00000000  __TI_static_base__             
00001905  __TI_zero_init                 
00000ddf  __aeabi_idiv0                  
0000117d  __aeabi_memclr                 
0000117d  __aeabi_memclr4                
0000117d  __aeabi_memclr8                
000010e1  __aeabi_memcpy                 
000010e1  __aeabi_memcpy4                
000010e1  __aeabi_memcpy8                
0000117f  __aeabi_memset                 
0000117f  __aeabi_memset4                
0000117f  __aeabi_memset8                
000015a9  __aeabi_uidiv                  
000015a9  __aeabi_uidivmod               
ffffffff  __binit__                      
ffffffff  __c_args__                     
000011f7  __mpu_init                     
2000026c  __stack                        
000017bd  _args_main                     
00001399  _c_int00                       
20000478  _lock                          
0000180b  _nop                           
00001803  _register_lock                 
000017fd  _register_unlock               
00001567  _system_post_cinit             
00001975  _system_pre_init               
2000047c  _unlock                        
000013f1  abort                          
ffffffff  binit                          
00000999  car_driver                     
20000496  command                        
2000049a  command_last                   
20000498  command_number                 
0000148d  copy_in                        
2000049b  data_complete_flag             
000013f9  exit                           
20000000  g_pfnRAMVectors                
00000000  g_pfnVectors                   
00000b75  main                           
200004a4  main_func_sp                   
000010e1  memcpy                         
00001185  memset                         
0000081b  motor_Control                  
00000709  motor_Init                     
00000a25  motor_set_speed                
00000fbd  radio_Init                     
20000488  receive_buffer                 
00000c15  timer0_Configure               
00000a71  timer0_IntHandler              


GLOBAL SYMBOLS: SORTED BY Symbol Address 

address   name                           
-------   ----                           
00000000  __TI_static_base__             
00000000  g_pfnVectors                   
00000200  __STACK_SIZE                   
0000026d  UARTStdioConfig                
000002b3  UARTwrite                      
000002f9  UARTgets                       
000003b3  UARTgetc                       
000003d9  UARTvprintf                    
000006d3  UARTprintf                     
00000709  motor_Init                     
0000081b  motor_Control                  
00000999  car_driver                     
00000a25  motor_set_speed                
00000a71  timer0_IntHandler              
00000b75  main                           
00000bd9  ConfigureUART                  
00000c15  timer0_Configure               
00000cad  GPIOPadConfigSet               
00000ddf  __aeabi_idiv0                  
00000de1  SysCtlClockGet                 
00000fbd  radio_Init                     
00000fed  SysCtlClockSet                 
000010e1  __aeabi_memcpy                 
000010e1  __aeabi_memcpy4                
000010e1  __aeabi_memcpy8                
000010e1  memcpy                         
0000117d  __aeabi_memclr                 
0000117d  __aeabi_memclr4                
0000117d  __aeabi_memclr8                
0000117f  __aeabi_memset                 
0000117f  __aeabi_memset4                
0000117f  __aeabi_memset8                
00001185  memset                         
000011f7  __mpu_init                     
000011f9  __TI_auto_init                 
00001269  IntEnable                      
000012d1  __TI_decompress_lzss           
00001339  TimerConfigure                 
00001399  _c_int00                       
000013ed  C$$EXIT                        
000013f1  abort                          
000013f9  exit                           
0000148d  copy_in                        
000014d9  GPIOPinConfigure               
00001521  UARTConfigSetExpClk            
00001567  _system_post_cinit             
000015a9  __aeabi_uidiv                  
000015a9  __aeabi_uidivmod               
000015e9  SysCtlPeripheralPresent        
00001621  SysCtlPeripheralReady          
00001659  IntRegister                    
0000168d  SysCtlPeripheralEnable         
000016c1  GPIODirModeSet                 
000016ed  IntPrioritySet                 
00001711  PWMGenConfigure                
00001735  UARTDisable                    
00001755  PWMPulseWidthSet               
00001773  GPIOPinTypeGPIOOutput          
0000178b  TimerIntRegister               
000017a3  UARTIntRegister                
000017bd  _args_main                     
000017d5  SysCtlPWMClockSet              
000017e9  UARTEnable                     
000017fd  _register_unlock               
00001803  _register_lock                 
0000180b  _nop                           
00001811  GPIOPinTypePWM                 
00001823  GPIOPinTypeUART                
00001835  PWMOutputState                 
00001847  TimerLoadSet                   
00001859  FPUEnable                      
00001869  FPULazyStackingEnable          
00001879  IntMasterDisable               
00001889  IntMasterEnable                
00001899  PWMGenPeriodSet                
000018a9  TimerEnable                    
000018b7  UARTCharGetNonBlocking         
000018c5  UARTCharsAvail                 
000018d3  __TI_decompress_none           
000018e1  CPUcpsid                       
000018ed  CPUcpsie                       
000018f9  PWMGenEnable                   
00001905  __TI_zero_init                 
00001911  ResetISR                       
0000191d  UARTCharGet                    
00001927  UARTCharPut                    
00001931  UARTFIFOEnable                 
0000193b  UARTIntStatus                  
00001945  TimerIntEnable                 
0000194d  UARTIntEnable                  
00001955  GPIOPinWrite                   
0000195b  SysCtlDelay                    
00001961  UARTClockSourceSet             
00001967  UARTFIFOLevelSet               
0000196d  TimerIntClear                  
00001971  UARTIntClear                   
00001975  _system_pre_init               
00001cec  __TI_Handler_Table_Base        
00001cf8  __TI_Handler_Table_Limit       
00001d00  __TI_CINIT_Base                
00001d10  __TI_CINIT_Limit               
20000000  g_pfnRAMVectors                
2000026c  __stack                        
2000046c  __STACK_END                    
2000046c  __STACK_TOP                    
2000046c  __TI_cleanup_ptr               
20000470  __TI_dtors_ptr                 
20000474  __TI_enable_exit_profile_output
20000478  _lock                          
2000047c  _unlock                        
20000488  receive_buffer                 
20000490  ADCDataReadyFlag               
20000496  command                        
20000498  command_number                 
2000049a  command_last                   
2000049b  data_complete_flag             
200004a4  main_func_sp                   
ffffffff  __TI_pprof_out_hndl            
ffffffff  __TI_prof_data_size            
ffffffff  __TI_prof_data_start           
ffffffff  __binit__                      
ffffffff  __c_args__                     
ffffffff  binit                          
UNDEFED   SHT$$INIT_ARRAY$$Base          
UNDEFED   SHT$$INIT_ARRAY$$Limit         

[125 symbols]
